Microchip MPLAB XC8 Compiler V2.32

Linker command line:

-W-3 --edf=C:\Program Files\Microchip\xc8\v2.32\pic\dat\en_msgs.txt -cn \
  -h+dist/default/production\Active_environment.production.sym \
  --cmf=dist/default/production\Active_environment.production.cmf -z \
  -Q18F4550 -oC:\Users\57322\AppData\Local\Temp\xcAs628.4 \
  --defsym=__MPLAB_BUILD=1 \
  -Mdist/default/production/Active_environment.production.map -E1 \
  -ver=XC8 Compiler --acfsm=1493 -ASTACK=03F0h-07FFh -pstack=STACK \
  -ACODE=00h-07FFFh -ACONST=00h-07FFFh -ASMALLCONST=0800h-08FFhx120 \
  -AMEDIUMCONST=0800h-07FFFh -ACOMRAM=01h-05Fh -AABS1=00h-07FFh \
  -ABIGRAM=01h-07FFh -ARAM=060h-0FFh,0100h-01FFhx7 -ABANK0=060h-0FFh \
  -ABANK1=0100h-01FFh -ABANK2=0200h-02FFh -ABANK3=0300h-03FFh \
  -ABANK4=0400h-04FFh -ABANK5=0500h-05FFh -ABANK6=0600h-06FFh \
  -ABANK7=0700h-07FFh -ASFR=0F60h-0FFFh -ACONFIG=0300000h-030000Dh \
  -AIDLOC=0200000h-0200007h -AEEDATA=0F00000h-0F000FFh -peeprom_data=EEDATA \
  -preset_vec=00h,intcode,intcodelo,powerup,init -pramtop=0800h \
  -psmallconst=SMALLCONST -pmediumconst=MEDIUMCONST -pconst=CONST \
  -AFARRAM=00h-00h \
  -prdata=COMRAM,nvrram=COMRAM,nvbit=COMRAM,rbss=COMRAM,rbit=COMRAM \
  -pfarbss=FARRAM,fardata=FARRAM,nvFARRAM=FARRAM \
  -pintsave_regs=BIGRAM,bigbss=BIGRAM,bigdata=BIGRAM -pbss=RAM \
  -pidata=CODE,irdata=CODE,ibigdata=CODE,ifardata=CODE -prparam=COMRAM \
  C:\Users\57322\AppData\Local\Temp\xcAs628.o \
  dist/default/production\Active_environment.production.o 

Object code version is 3.11

Machine type is 18F4550



                Name                               Link     Load   Length Selector   Space Scale
C:\Users\57322\AppData\Local\Temp\xcAs628.o
                idloc                            200000   200000        8        0       5
                config                           300000   300000        E        0       4
                init                                  0        0        4        0       0
dist/default/production\Active_environment.production.o
                idloc                            200000   200000        8        0       5
                config                           300000   300000        E        0       4
                smallconst                          800      800       CE      400       0
                text84                              8CE      8CE      4C0      467       0
                text83                             11B8     11B8      39A      467       0
                text82                             2B7C     2B7C      106      467       0
                text81                             2236     2236      1B4      467       0
                text80                             3238     3238       94      467       0
                text79                             410C     410C       1A     1FB5       0
                text78                             420E     420E        6     1FB5       0
                text77                             3A5E     3A5E       50      467       0
                text76                             3ED2     3ED2       34      467       0
                text75                             41CC     41CC       12     1FB5       0
                text74                             40EE     40EE       1E     1FB5       0
                text73                             41FC     41FC        A     1FB5       0
                text72                             33E0     33E0       82      467       0
                text71                             41EE     41EE        E     1FB5       0
                text70                             3AF8     3AF8       4A      467       0
                text69                             32CC     32CC       92      467       0
                text68                             36CC     36CC       74      467       0
                text67                             40A6     40A6       26     1FB5       0
                text66                             3C14     3C14       42      467       0
                text65                             41DE     41DE       10     1FB5       0
                text64                             4050     4050       2C     1FB5       0
                text63                             3462     3462       80      467       0
                text62                              D8E      D8E      42A      467       0
                text61                             3560     3560       7C      467       0
                text60                             3A0E     3A0E       50      467       0
                text59                             4168     4168       16     1FB5       0
                text58                             4152     4152       16     1FB5       0
                text57                             3F6A     3F6A       30     1FB5       0
                text56                             41A6     41A6       14     1FB5       0
                text55                             4192     4192       14     1FB5       0
                text54                             41BA     41BA       12     1FB5       0
                text53                             3D50     3D50       3A      467       0
                text52                             40CC     40CC       22     1FB5       0
                text51                             3FF6     3FF6       2E     1FB5       0
                text50                             3FC8     3FC8       2E     1FB5       0
                text49                             417E     417E       14     1FB5       0
                text48                             38B8     38B8       5A      467       0
                text47                             258E     258E      188      467       0
                text46                             2A18     2A18      164      467       0
                text45                             3C96     3C96       40      467       0
                text44                             4214     4214        2     1FB5       0
                text43                             2F34     2F34       CA      467       0
                text42                             3BD0     3BD0       44      467       0
                text41                             3E68     3E68       36      467       0
                text40                             2FFE     2FFE       C6      467       0
                text39                             1864     1864      2EA      467       0
                text38                             2716     2716      186      467       0
                text37                             3D14     3D14       3C      467       0
                text36                             3DFA     3DFA       38      467       0
                text35                             3DC2     3DC2       38      467       0
                text34                             3800     3800       5E      467       0
                text33                             1B4E     1B4E      2E0      467       0
                text32                             1552     1552      312      467       0
                text31                             3740     3740       62      467       0
                text30                             39BC     39BC       52      467       0
                text29                             3E32     3E32       36      467       0
                text28                             3AAE     3AAE       4A      467       0
                text27                             2E68     2E68       CC      467       0
                text26                             3CD6     3CD6       3E      467       0
                text25                             3F9A     3F9A       2E     1FB5       0
                text24                             407C     407C       2A     1FB5       0
                text23                             2C82     2C82       FC      467       0
                text22                             1E2E     1E2E      242      467       0
                text21                             3912     3912       56      467       0
                text20                             4206     4206        8     1FB5       0
                text19                             37A2     37A2       5E      467       0
                text18                             3C56     3C56       40      467       0
                text17                             2D7E     2D7E       EA      467       0
                text16                             3B42     3B42       48      467       0
                text15                             335E     335E       82      467       0
                text14                             3656     3656       76      467       0
                text13                             30C4     30C4       C4      467       0
                text12                             3188     3188       B0      467       0
                text11                             3D8A     3D8A       38      467       0
                text10                             3968     3968       54      467       0
                text9                              3E9E     3E9E       34      467       0
                text8                              3B8A     3B8A       46      467       0
                text7                              2070     2070      1C6      467       0
                text6                              4024     4024       2C     1FB5       0
                text5                              3F06     3F06       32      467       0
                text4                              413C     413C       16     1FB5       0
                text3                              23EA     23EA      1A4      467       0
                text2                              289C     289C      17C      467       0
                text1                              385E     385E       5A      467       0
                text0                              34E2     34E2       7E      467       0
                cstackCOMRAM                          1        1       5F        1       1
                cstackBANK0                          60       60       95       60       1
                cstackBANK1                         100      100       C8      100       1
                cstackBANK2                         25E      25E       5C      200       1
                bssBANK3                            300      300       F0      300       1
                dataBANK2                           2BA      2BA       31      200       1
                bssBANK2                            200      200       5E      200       1
                dataBANK1                           1E4      1E4       16      100       1
                bssBANK1                            1C8      1C8       1C      100       1
                bssBANK0                             F5       F5        B       60       1
                cinit                              35DC     35DC       7A      467       0
                idataBANK2                         3F38     3F38       31      467       0
                idataBANK1                         4126     4126       16     1FB5       0

TOTAL           Name                               Link     Load   Length     Space
        CLASS   STACK          

        CLASS   CODE           
                init                                  0        0        4         0
                text84                              8CE      8CE      4C0         0
                text83                             11B8     11B8      39A         0
                text82                             2B7C     2B7C      106         0
                text81                             2236     2236      1B4         0
                text80                             3238     3238       94         0
                text79                             410C     410C       1A         0
                text78                             420E     420E        6         0
                text77                             3A5E     3A5E       50         0
                text76                             3ED2     3ED2       34         0
                text75                             41CC     41CC       12         0
                text74                             40EE     40EE       1E         0
                text73                             41FC     41FC        A         0
                text72                             33E0     33E0       82         0
                text71                             41EE     41EE        E         0
                text70                             3AF8     3AF8       4A         0
                text69                             32CC     32CC       92         0
                text68                             36CC     36CC       74         0
                text67                             40A6     40A6       26         0
                text66                             3C14     3C14       42         0
                text65                             41DE     41DE       10         0
                text64                             4050     4050       2C         0
                text63                             3462     3462       80         0
                text62                              D8E      D8E      42A         0
                text61                             3560     3560       7C         0
                text60                             3A0E     3A0E       50         0
                text59                             4168     4168       16         0
                text58                             4152     4152       16         0
                text57                             3F6A     3F6A       30         0
                text56                             41A6     41A6       14         0
                text55                             4192     4192       14         0
                text54                             41BA     41BA       12         0
                text53                             3D50     3D50       3A         0
                text52                             40CC     40CC       22         0
                text51                             3FF6     3FF6       2E         0
                text50                             3FC8     3FC8       2E         0
                text49                             417E     417E       14         0
                text48                             38B8     38B8       5A         0
                text47                             258E     258E      188         0
                text46                             2A18     2A18      164         0
                text45                             3C96     3C96       40         0
                text44                             4214     4214        2         0
                text43                             2F34     2F34       CA         0
                text42                             3BD0     3BD0       44         0
                text41                             3E68     3E68       36         0
                text40                             2FFE     2FFE       C6         0
                text39                             1864     1864      2EA         0
                text38                             2716     2716      186         0
                text37                             3D14     3D14       3C         0
                text36                             3DFA     3DFA       38         0
                text35                             3DC2     3DC2       38         0
                text34                             3800     3800       5E         0
                text33                             1B4E     1B4E      2E0         0
                text32                             1552     1552      312         0
                text31                             3740     3740       62         0
                text30                             39BC     39BC       52         0
                text29                             3E32     3E32       36         0
                text28                             3AAE     3AAE       4A         0
                text27                             2E68     2E68       CC         0
                text26                             3CD6     3CD6       3E         0
                text25                             3F9A     3F9A       2E         0
                text24                             407C     407C       2A         0
                text23                             2C82     2C82       FC         0
                text22                             1E2E     1E2E      242         0
                text21                             3912     3912       56         0
                text20                             4206     4206        8         0
                text19                             37A2     37A2       5E         0
                text18                             3C56     3C56       40         0
                text17                             2D7E     2D7E       EA         0
                text16                             3B42     3B42       48         0
                text15                             335E     335E       82         0
                text14                             3656     3656       76         0
                text13                             30C4     30C4       C4         0
                text12                             3188     3188       B0         0
                text11                             3D8A     3D8A       38         0
                text10                             3968     3968       54         0
                text9                              3E9E     3E9E       34         0
                text8                              3B8A     3B8A       46         0
                text7                              2070     2070      1C6         0
                text6                              4024     4024       2C         0
                text5                              3F06     3F06       32         0
                text4                              413C     413C       16         0
                text3                              23EA     23EA      1A4         0
                text2                              289C     289C      17C         0
                text1                              385E     385E       5A         0
                text0                              34E2     34E2       7E         0
                cinit                              35DC     35DC       7A         0
                idataBANK2                         3F38     3F38       31         0
                idataBANK1                         4126     4126       16         0

        CLASS   CONST          

        CLASS   SMALLCONST     
                smallconst                          800      800       CE         0

        CLASS   MEDIUMCONST    

        CLASS   COMRAM         
                cstackCOMRAM                          1        1       5F         1

        CLASS   ABS1           

        CLASS   BIGRAM         

        CLASS   RAM            

        CLASS   BANK0          
                cstackBANK0                          60       60       95         1
                bssBANK0                             F5       F5        B         1

        CLASS   BANK1          
                cstackBANK1                         100      100       C8         1
                dataBANK1                           1E4      1E4       16         1
                bssBANK1                            1C8      1C8       1C         1

        CLASS   BANK2          
                cstackBANK2                         25E      25E       5C         1
                dataBANK2                           2BA      2BA       31         1
                bssBANK2                            200      200       5E         1

        CLASS   BANK3          
                bssBANK3                            300      300       F0         1

        CLASS   BANK4          

        CLASS   BANK5          

        CLASS   BANK6          

        CLASS   BANK7          

        CLASS   SFR            

        CLASS   CONFIG         
                config                           300000   300000        E         4

        CLASS   IDLOC          
                idloc                            200000   200000        8         5

        CLASS   EEDATA         

        CLASS   FARRAM         



SEGMENTS        Name                           Load    Length   Top    Selector   Space  Class

                reset_vec                      000000  000004  000004         0       0  CODE    
                cstackCOMRAM                   000001  00005F  000060         1       1  COMRAM  
                cstackBANK0                    000060  0000A0  000100        60       1  BANK0   
                cstackBANK1                    000100  0000FA  0001FA       100       1  BANK1   
                bssBANK2                       000200  0000EB  0002EB       200       1  BANK2   
                bssBANK3                       000300  0000F0  0003F0       300       1  BANK3   
                smallconst                     000800  0000CE  0008CE       400       0  SMALLCON
                text84                         0008CE  00369B  003F69       467       0  CODE    
                text57                         003F6A  0002AC  004216      1FB5       0  CODE    


UNUSED ADDRESS RANGES

        Name                Unused          Largest block    Delta
        BANK1            0001FA-0001FF                6
        BANK2            0002EB-0002FF               15
        BANK3            0003F0-0003FF               10
        BANK4            000400-0004FF              100
        BANK5            000500-0005FF              100
        BANK6            000600-0006FF              100
        BANK7            000700-0007FF              100
        BIGRAM           0001FA-0001FF                6
                         0002EB-0002FF               15
                         0003F0-0007FF              410
        CODE             000004-0007FF              7FC
                         003F69-003F69                1
                         004216-007FFF             3DEA
        CONST            000004-0007FF              7FC
                         003F69-003F69                1
                         004216-007FFF             3DEA
        EEDATA           F00000-F000FF              100
        MEDIUMCONST      003F69-003F69                1
                         004216-007FFF             3DEA
        RAM              0001FA-0001FF                6
                         0002EB-0002FF               15
                         0003F0-0007FF              100
        SFR              000F60-000FFF               A0
        SMALLCONST       003F69-003F69                1
                         004216-007FFF              100
        STACK            0003F0-0007FF              410

                                  Symbol Table

?___aodiv                               cstackCOMRAM 000001
?___aomod                               cstackCOMRAM 000001
?___awdiv                               cstackCOMRAM 000001
?___awmod                               cstackCOMRAM 000001
?___fladd                               cstackCOMRAM 000028
?___fldiv                               cstackCOMRAM 00000F
?___flmul                               cstackCOMRAM 00000F
?___fltol                               cstackCOMRAM 000028
?___lwdiv                               cstackCOMRAM 000007
?___wmul                                cstackCOMRAM 000001
?___xxtofl                              cstackCOMRAM 000001
?_abs                                   cstackCOMRAM 000013
?_adc_read10Bits                        cstackCOMRAM 000001
?_dtoa                                  cstackCOMRAM 00001C
?_isalpha                               cstackCOMRAM 000001
?_islower                               cstackCOMRAM 000001
?_isupper                               cstackCOMRAM 000001
?_obtener_distancia                     cstackCOMRAM 000001
?_obtener_tiempo_fecha                  cstackBANK0  00007B
?_pad                                   cstackCOMRAM 000011
?_sensor_distancia                      cstackCOMRAM 000005
?_sensor_luz                            cstackCOMRAM 00000E
?_sensor_temperatura                    cstackCOMRAM 000032
?_sprintf                               cstackBANK0  000068
?_stoa                                  cstackCOMRAM 00000A
?_strcat                                cstackCOMRAM 00000D
?_strlen                                cstackCOMRAM 000001
?_toupper                               cstackCOMRAM 000007
?_validar                               cstackBANK0  0000E7
?_vfpfcnvrt                             cstackCOMRAM 000043
?_vfprintf                              cstackBANK0  000060
?_xtoa                                  cstackCOMRAM 00001C
Anti_rebote@contador                    cstackCOMRAM 000002
Anti_rebote@i                           cstackCOMRAM 000003
BCD_a_Decimal@numero                    cstackCOMRAM 000002
Decimal_a_BCD@numero                    cstackCOMRAM 00000B
Establecer_Hora_Fecha@parametro         cstackCOMRAM 00000A
Establecer_Hora_Fecha@x                 cstackCOMRAM 00000D
Establecer_Hora_Fecha@y                 cstackCOMRAM 000009
I2C_Read@buffer                         cstackCOMRAM 000002
I2C_Read@flag                           cstackCOMRAM 000001
I2C_Repeated_Start@slave_read_address   cstackCOMRAM 000002
I2C_Start@slave_write_address           cstackCOMRAM 000002
I2C_Write@data                          cstackCOMRAM 000001
LCD_Char@dat                            cstackCOMRAM 000002
LCD_Command@cmd                         cstackCOMRAM 000002
LCD_Custom_Char@i                       cstackCOMRAM 000006
LCD_Custom_Char@loc                     cstackCOMRAM 000005
LCD_Custom_Char@msg                     cstackCOMRAM 000003
LCD_String@msg                          cstackCOMRAM 000003
LCD_String_xy@location                  cstackCOMRAM 000009
LCD_String_xy@msg                       cstackCOMRAM 000006
LCD_String_xy@pos                       cstackCOMRAM 000005
LCD_String_xy@row                       cstackCOMRAM 000008
LCD_xy@location                         cstackCOMRAM 000005
LCD_xy@pos                              cstackCOMRAM 000003
LCD_xy@row                              cstackCOMRAM 000004
Parpadeo@j                              cstackCOMRAM 000002
RTC_Calendar_Write@date                 cstackCOMRAM 000003
RTC_Calendar_Write@day                  cstackCOMRAM 000006
RTC_Calendar_Write@month                cstackCOMRAM 000004
RTC_Calendar_Write@year                 cstackCOMRAM 000005
RTC_Clock_Write@AM_PM                   cstackCOMRAM 000005
RTC_Clock_Write@v_hour                  cstackCOMRAM 000004
RTC_Clock_Write@v_min                   cstackCOMRAM 000003
RTC_Clock_Write@v_sec                   cstackCOMRAM 000006
RTC_Read_Calendar@read_calendar_address cstackCOMRAM 000004
RTC_Read_Clock@read_clock_address       cstackCOMRAM 000004
RTC_obtener_hora@AM_PM                  cstackBANK0  00007A
Reloj_Calendario@Date_var               dataBANK2    0002DA
Reloj_Calendario@Time                   dataBANK1    0001EB
USART_Init@baud_rate                    cstackCOMRAM 000038
USART_Init@temp                         cstackCOMRAM 00003C
USART_SendString@out                    cstackCOMRAM 000002
USART_TxChar@out                        cstackCOMRAM 000001
_ACKDT                                  (abs)        007E2D
_ACKEN                                  (abs)        007E2C
_ACKSTAT                                (abs)        007E2E
_ADCON0bits                             (abs)        000FC2
_ADCON1bits                             (abs)        000FC1
_ADCON2bits                             (abs)        000FC0
_ADRESH                                 (abs)        000FC4
_ADRESL                                 (abs)        000FC3
_Anti_rebote                            text10       003968
_BCD_a_Decimal                          text4        00413C
_CREN                                   (abs)        007D5C
_Date                                   bssBANK1     0001D2
_Day                                    bssBANK1     0001D4
_Decimal_a_BCD                          text11       003D8A
_Establecer_Hora_Fecha                  text7        002070
_I2C_Ack                                text56       0041A6
_I2C_Init                               text79       00410C
_I2C_Nack                               text55       004192
_I2C_Read                               text53       003D50
_I2C_Ready                              text54       0041BA
_I2C_Repeated_Start                     text51       003FF6
_I2C_Start                              text50       003FC8
_I2C_Stop                               text49       00417E
_I2C_Write                              text52       0040CC
_LATB3                                  (abs)        007C53
_LATB4                                  (abs)        007C54
_LATB5                                  (abs)        007C55
_LATCbits                               (abs)        000F8B
_LATD                                   (abs)        000F8C
_LATD0                                  (abs)        007C60
_LATD1                                  (abs)        007C61
_LCD_Char                               text60       003A0E
_LCD_Clear                              text20       004206
_LCD_Command                            text77       003A5E
_LCD_Custom_Char                        text16       003B42
_LCD_String                             text19       0037A2
_LCD_String_xy                          text18       003C56
_LCD_xy                                 text9        003E9E
_Month                                  bssBANK1     0001D0
_OSCCON                                 (abs)        000FD3
_OSCCONbits                             (abs)        000FD3
_PEN                                    (abs)        007E2A
_PORTAbits                              (abs)        000F80
_PORTCbits                              (abs)        000F82
_Parpadeo                               text8        003B8A
_RBPU                                   (abs)        007F8F
_RCEN                                   (abs)        007E2B
_RCIF                                   (abs)        007CF5
_RCREG                                  (abs)        000FAE
_RCSTA                                  (abs)        000FAB
_RCSTAbits                              (abs)        000FAB
_RSEN                                   (abs)        007E29
_RTC_Calendar_Write                     text6        004024
_RTC_Clock_Write                        text5        003F06
_RTC_Read_Calendar                      text48       0038B8
_RTC_Read_Clock                         text28       003AAE
_RTC_obtener_fecha                      text29       003E32
_RTC_obtener_hora                       text27       002E68
_Reloj_Calendario                       text3        0023EA
_SPBRG                                  (abs)        000FAF
_SSPADD                                 (abs)        000FC8
_SSPBUF                                 (abs)        000FC9
_SSPCON1                                (abs)        000FC6
_SSPCON2                                (abs)        000FC5
_SSPCON2bits                            (abs)        000FC5
_SSPIE                                  (abs)        007CEB
_SSPIF                                  (abs)        007CF3
_SSPSTAT                                (abs)        000FC7
_SSPSTATbits                            (abs)        000FC7
_TRISAbits                              (abs)        000F92
_TRISB0                                 (abs)        007C98
_TRISB1                                 (abs)        007C99
_TRISB3                                 (abs)        007C9B
_TRISB4                                 (abs)        007C9C
_TRISB5                                 (abs)        007C9D
_TRISB6                                 (abs)        007C9E
_TRISBbits                              (abs)        000F93
_TRISC6                                 (abs)        007CA6
_TRISC7                                 (abs)        007CA7
_TRISCbits                              (abs)        000F94
_TRISD                                  (abs)        000F95
_TXIF                                   (abs)        007CF4
_TXREG                                  (abs)        000FAD
_TXSTA                                  (abs)        000FAC
_USART_Init                             text80       003238
_USART_SendString                       text57       003F6A
_USART_TxChar                           text58       004152
_Year                                   bssBANK1     0001CE
__HRAM                                  (abs)        000000
__Habs1                                 abs1         000000
__Hbank0                                bank0        000000
__Hbank1                                bank1        000000
__Hbank2                                bank2        000000
__Hbank3                                bank3        000000
__Hbank4                                bank4        000000
__Hbank5                                bank5        000000
__Hbank6                                bank6        000000
__Hbank7                                bank7        000000
__Hbigbss                               bigbss       000000
__Hbigdata                              bigdata      000000
__Hbigram                               bigram       000000
__Hbss                                  bss          000000
__HbssBANK0                             bssBANK0     000000
__HbssBANK1                             bssBANK1     000000
__HbssBANK2                             bssBANK2     000000
__HbssBANK3                             bssBANK3     000000
__Hcinit                                cinit        000000
__Hclrtext                              clrtext      000000
__Hcomram                               comram       000000
__Hconfig                               config       30000E
__Hconst                                const        000000
__HcstackBANK0                          cstackBANK0  000000
__HcstackBANK1                          cstackBANK1  000000
__HcstackBANK2                          cstackBANK2  000000
__HcstackCOMRAM                         cstackCOMRAM 000000
__Hdata                                 data         000000
__HdataBANK1                            dataBANK1    000000
__HdataBANK2                            dataBANK2    000000
__Heeprom_data                          eeprom_data  000000
__Hfarbss                               farbss       000000
__Hfardata                              fardata      000000
__Hibigdata                             ibigdata     000000
__Hidata                                idata        000000
__HidataBANK1                           idataBANK1   000000
__HidataBANK2                           idataBANK2   000000
__Hidloc                                idloc        200008
__Hifardata                             ifardata     000000
__Hinit                                 init         000004
__Hintcode                              intcode      000000
__Hintcode_body                         intcode_body 000000
__Hintcodelo                            intcodelo    000000
__Hintentry                             intentry     000000
__Hintret                               intret       000000
__Hintsave_regs                         intsave_regs 000000
__Hirdata                               irdata       000000
__Hmediumconst                          mediumconst  000000
__HnvFARRAM                             nvFARRAM     000000
__Hnvbit                                nvbit        000000
__Hnvrram                               nvrram       000000
__Hparam                                rparam       000000
__Hpowerup                              powerup      000000
__Hram                                  ram          000000
__Hramtop                               ramtop       000800
__Hrbit                                 rbit         000000
__Hrbss                                 rbss         000000
__Hrdata                                rdata        000000
__Hreset_vec                            reset_vec    000000
__Hrparam                               rparam       000000
__Hsfr                                  sfr          000000
__Hsmallconst                           smallconst   0008CE
__Hspace_0                              (abs)        004216
__Hspace_1                              (abs)        0003F0
__Hspace_2                              (abs)        000000
__Hspace_4                              (abs)        60000E
__Hstack                                stack        000000
__Hstruct                               struct       000000
__Htemp                                 temp         000000
__Htext                                 text         000000
__Htext0                                text0        000000
__Htext1                                text1        000000
__Htext10                               text10       000000
__Htext11                               text11       000000
__Htext12                               text12       000000
__Htext13                               text13       000000
__Htext14                               text14       000000
__Htext15                               text15       000000
__Htext16                               text16       000000
__Htext17                               text17       000000
__Htext18                               text18       000000
__Htext19                               text19       000000
__Htext2                                text2        000000
__Htext20                               text20       000000
__Htext21                               text21       000000
__Htext22                               text22       000000
__Htext23                               text23       000000
__Htext24                               text24       000000
__Htext25                               text25       000000
__Htext26                               text26       000000
__Htext27                               text27       000000
__Htext28                               text28       000000
__Htext29                               text29       000000
__Htext3                                text3        000000
__Htext30                               text30       000000
__Htext31                               text31       000000
__Htext32                               text32       000000
__Htext33                               text33       000000
__Htext34                               text34       000000
__Htext35                               text35       000000
__Htext36                               text36       000000
__Htext37                               text37       000000
__Htext38                               text38       000000
__Htext39                               text39       000000
__Htext4                                text4        000000
__Htext40                               text40       000000
__Htext41                               text41       000000
__Htext42                               text42       000000
__Htext43                               text43       000000
__Htext44                               text44       000000
__Htext45                               text45       000000
__Htext46                               text46       000000
__Htext47                               text47       000000
__Htext48                               text48       000000
__Htext49                               text49       000000
__Htext5                                text5        000000
__Htext50                               text50       000000
__Htext51                               text51       000000
__Htext52                               text52       000000
__Htext53                               text53       000000
__Htext54                               text54       000000
__Htext55                               text55       000000
__Htext56                               text56       000000
__Htext57                               text57       000000
__Htext58                               text58       000000
__Htext59                               text59       000000
__Htext6                                text6        000000
__Htext60                               text60       000000
__Htext61                               text61       000000
__Htext62                               text62       000000
__Htext63                               text63       000000
__Htext64                               text64       000000
__Htext65                               text65       000000
__Htext66                               text66       000000
__Htext67                               text67       000000
__Htext68                               text68       000000
__Htext69                               text69       000000
__Htext7                                text7        000000
__Htext70                               text70       000000
__Htext71                               text71       000000
__Htext72                               text72       000000
__Htext73                               text73       000000
__Htext74                               text74       000000
__Htext75                               text75       000000
__Htext76                               text76       000000
__Htext77                               text77       000000
__Htext78                               text78       000000
__Htext79                               text79       000000
__Htext8                                text8        000000
__Htext80                               text80       000000
__Htext81                               text81       000000
__Htext82                               text82       000000
__Htext83                               text83       000000
__Htext84                               text84       000000
__Htext9                                text9        000000
__LRAM                                  (abs)        000001
__Labs1                                 abs1         000000
__Lbank0                                bank0        000000
__Lbank1                                bank1        000000
__Lbank2                                bank2        000000
__Lbank3                                bank3        000000
__Lbank4                                bank4        000000
__Lbank5                                bank5        000000
__Lbank6                                bank6        000000
__Lbank7                                bank7        000000
__Lbigbss                               bigbss       000000
__Lbigdata                              bigdata      000000
__Lbigram                               bigram       000000
__Lbss                                  bss          000000
__LbssBANK0                             bssBANK0     000000
__LbssBANK1                             bssBANK1     000000
__LbssBANK2                             bssBANK2     000000
__LbssBANK3                             bssBANK3     000000
__Lcinit                                cinit        000000
__Lclrtext                              clrtext      000000
__Lcomram                               comram       000000
__Lconfig                               config       000000
__Lconst                                const        000000
__LcstackBANK0                          cstackBANK0  000000
__LcstackBANK1                          cstackBANK1  000000
__LcstackBANK2                          cstackBANK2  000000
__LcstackCOMRAM                         cstackCOMRAM 000000
__Ldata                                 data         000000
__LdataBANK1                            dataBANK1    000000
__LdataBANK2                            dataBANK2    000000
__Leeprom_data                          eeprom_data  000000
__Lfarbss                               farbss       000000
__Lfardata                              fardata      000000
__Libigdata                             ibigdata     000000
__Lidata                                idata        000000
__LidataBANK1                           idataBANK1   000000
__LidataBANK2                           idataBANK2   000000
__Lidloc                                idloc        000000
__Lifardata                             ifardata     000000
__Linit                                 init         000000
__Lintcode                              intcode      000000
__Lintcode_body                         intcode_body 000000
__Lintcodelo                            intcodelo    000000
__Lintentry                             intentry     000000
__Lintret                               intret       000000
__Lintsave_regs                         intsave_regs 000000
__Lirdata                               irdata       000000
__Lmediumconst                          mediumconst  000000
__LnvFARRAM                             nvFARRAM     000000
__Lnvbit                                nvbit        000000
__Lnvrram                               nvrram       000000
__Lparam                                rparam       000000
__Lpowerup                              powerup      000000
__Lram                                  ram          000000
__Lramtop                               ramtop       000800
__Lrbit                                 rbit         000000
__Lrbss                                 rbss         000000
__Lrdata                                rdata        000000
__Lreset_vec                            reset_vec    000000
__Lrparam                               rparam       000000
__Lsfr                                  sfr          000000
__Lsmallconst                           smallconst   000800
__Lspace_0                              (abs)        000000
__Lspace_1                              (abs)        000000
__Lspace_2                              (abs)        000000
__Lspace_4                              (abs)        000000
__Lstack                                stack        000000
__Lstruct                               struct       000000
__Ltemp                                 temp         000000
__Ltext                                 text         000000
__Ltext0                                text0        000000
__Ltext1                                text1        000000
__Ltext10                               text10       000000
__Ltext11                               text11       000000
__Ltext12                               text12       000000
__Ltext13                               text13       000000
__Ltext14                               text14       000000
__Ltext15                               text15       000000
__Ltext16                               text16       000000
__Ltext17                               text17       000000
__Ltext18                               text18       000000
__Ltext19                               text19       000000
__Ltext2                                text2        000000
__Ltext20                               text20       000000
__Ltext21                               text21       000000
__Ltext22                               text22       000000
__Ltext23                               text23       000000
__Ltext24                               text24       000000
__Ltext25                               text25       000000
__Ltext26                               text26       000000
__Ltext27                               text27       000000
__Ltext28                               text28       000000
__Ltext29                               text29       000000
__Ltext3                                text3        000000
__Ltext30                               text30       000000
__Ltext31                               text31       000000
__Ltext32                               text32       000000
__Ltext33                               text33       000000
__Ltext34                               text34       000000
__Ltext35                               text35       000000
__Ltext36                               text36       000000
__Ltext37                               text37       000000
__Ltext38                               text38       000000
__Ltext39                               text39       000000
__Ltext4                                text4        000000
__Ltext40                               text40       000000
__Ltext41                               text41       000000
__Ltext42                               text42       000000
__Ltext43                               text43       000000
__Ltext44                               text44       000000
__Ltext45                               text45       000000
__Ltext46                               text46       000000
__Ltext47                               text47       000000
__Ltext48                               text48       000000
__Ltext49                               text49       000000
__Ltext5                                text5        000000
__Ltext50                               text50       000000
__Ltext51                               text51       000000
__Ltext52                               text52       000000
__Ltext53                               text53       000000
__Ltext54                               text54       000000
__Ltext55                               text55       000000
__Ltext56                               text56       000000
__Ltext57                               text57       000000
__Ltext58                               text58       000000
__Ltext59                               text59       000000
__Ltext6                                text6        000000
__Ltext60                               text60       000000
__Ltext61                               text61       000000
__Ltext62                               text62       000000
__Ltext63                               text63       000000
__Ltext64                               text64       000000
__Ltext65                               text65       000000
__Ltext66                               text66       000000
__Ltext67                               text67       000000
__Ltext68                               text68       000000
__Ltext69                               text69       000000
__Ltext7                                text7        000000
__Ltext70                               text70       000000
__Ltext71                               text71       000000
__Ltext72                               text72       000000
__Ltext73                               text73       000000
__Ltext74                               text74       000000
__Ltext75                               text75       000000
__Ltext76                               text76       000000
__Ltext77                               text77       000000
__Ltext78                               text78       000000
__Ltext79                               text79       000000
__Ltext8                                text8        000000
__Ltext80                               text80       000000
__Ltext81                               text81       000000
__Ltext82                               text82       000000
__Ltext83                               text83       000000
__Ltext84                               text84       000000
__Ltext9                                text9        000000
__S0                                    (abs)        004216
__S1                                    (abs)        0003F0
__S2                                    (abs)        000000
__S4                                    (abs)        000000
__S5                                    (abs)        000000
___aodiv                                text47       00258E
___aodiv@counter                        cstackCOMRAM 000011
___aodiv@dividend                       cstackCOMRAM 000001
___aodiv@divisor                        cstackCOMRAM 000009
___aodiv@quotient                       cstackCOMRAM 000013
___aodiv@sign                           cstackCOMRAM 000012
___aomod                                text46       002A18
___aomod@counter                        cstackCOMRAM 000011
___aomod@dividend                       cstackCOMRAM 000001
___aomod@divisor                        cstackCOMRAM 000009
___aomod@sign                           cstackCOMRAM 000012
___awdiv                                text13       0030C4
___awdiv@counter                        cstackCOMRAM 000005
___awdiv@dividend                       cstackCOMRAM 000001
___awdiv@divisor                        cstackCOMRAM 000003
___awdiv@quotient                       cstackCOMRAM 000007
___awdiv@sign                           cstackCOMRAM 000006
___awmod                                text12       003188
___awmod@counter                        cstackCOMRAM 000005
___awmod@dividend                       cstackCOMRAM 000001
___awmod@divisor                        cstackCOMRAM 000003
___awmod@sign                           cstackCOMRAM 000006
___fladd                                text84       0008CE
___fladd@a                              cstackCOMRAM 00002C
___fladd@aexp                           cstackCOMRAM 000035
___fladd@b                              cstackCOMRAM 000028
___fladd@bexp                           cstackCOMRAM 000036
___fladd@grs                            cstackCOMRAM 000037
___fladd@signs                          cstackCOMRAM 000034
___fldiv                                text83       0011B8
___fldiv@a                              cstackCOMRAM 000013
___fldiv@aexp                           cstackCOMRAM 000027
___fldiv@b                              cstackCOMRAM 00000F
___fldiv@bexp                           cstackCOMRAM 000026
___fldiv@grs                            cstackCOMRAM 000022
___fldiv@new_exp                        cstackCOMRAM 000020
___fldiv@rem                            cstackCOMRAM 00001B
___fldiv@sign                           cstackCOMRAM 00001F
___flmul                                text62       000D8E
___flmul@a                              cstackCOMRAM 000013
___flmul@aexp                           cstackCOMRAM 000020
___flmul@b                              cstackCOMRAM 00000F
___flmul@bexp                           cstackCOMRAM 000021
___flmul@grs                            cstackCOMRAM 00001C
___flmul@prod                           cstackCOMRAM 000022
___flmul@sign                           cstackCOMRAM 00001B
___flmul@temp                           cstackCOMRAM 000026
___fltol                                text82       002B7C
___fltol@exp1                           cstackCOMRAM 000031
___fltol@f1                             cstackCOMRAM 000028
___fltol@sign1                          cstackCOMRAM 000030
___inthi_sp                             stack        000000
___intlo_sp                             stack        000000
___lwdiv                                text68       0036CC
___lwdiv@counter                        cstackCOMRAM 00000D
___lwdiv@dividend                       cstackCOMRAM 000007
___lwdiv@divisor                        cstackCOMRAM 000009
___lwdiv@quotient                       cstackCOMRAM 00000B
___param_bank                           (abs)        000000
___rparam_used                          (abs)        000001
___sp                                   stack        000000
___wmul                                 text67       0040A6
___wmul@multiplicand                    cstackCOMRAM 000003
___wmul@multiplier                      cstackCOMRAM 000001
___wmul@product                         cstackCOMRAM 000005
___xxtofl                               text81       002236
___xxtofl@arg                           cstackCOMRAM 00000B
___xxtofl@exp                           cstackCOMRAM 00000A
___xxtofl@sign                          cstackCOMRAM 000009
___xxtofl@val                           cstackCOMRAM 000001
__accesstop                             (abs)        000060
__activetblptr                          (abs)        000002
__end_of_Anti_rebote                    text10       0039BC
__end_of_BCD_a_Decimal                  text4        004152
__end_of_Decimal_a_BCD                  text11       003DC2
__end_of_Establecer_Hora_Fecha          text7        002236
__end_of_I2C_Ack                        text56       0041BA
__end_of_I2C_Init                       text79       004126
__end_of_I2C_Nack                       text55       0041A6
__end_of_I2C_Read                       text53       003D8A
__end_of_I2C_Ready                      text54       0041CC
__end_of_I2C_Repeated_Start             text51       004024
__end_of_I2C_Start                      text50       003FF6
__end_of_I2C_Stop                       text49       004192
__end_of_I2C_Write                      text52       0040EE
__end_of_LCD_Char                       text60       003A5E
__end_of_LCD_Clear                      text20       00420E
__end_of_LCD_Command                    text77       003AAE
__end_of_LCD_Custom_Char                text16       003B8A
__end_of_LCD_String                     text19       003800
__end_of_LCD_String_xy                  text18       003C96
__end_of_LCD_xy                         text9        003ED2
__end_of_Parpadeo                       text8        003BD0
__end_of_RTC_Calendar_Write             text6        004050
__end_of_RTC_Clock_Write                text5        003F38
__end_of_RTC_Read_Calendar              text48       003912
__end_of_RTC_Read_Clock                 text28       003AF8
__end_of_RTC_obtener_fecha              text29       003E68
__end_of_RTC_obtener_hora               text27       002F34
__end_of_Reloj_Calendario               text3        00258E
__end_of_USART_Init                     text80       0032CC
__end_of_USART_SendString               text57       003F9A
__end_of_USART_TxChar                   text58       004168
__end_of___aodiv                        text47       002716
__end_of___aomod                        text46       002B7C
__end_of___awdiv                        text13       003188
__end_of___awmod                        text12       003238
__end_of___fladd                        text84       000D8E
__end_of___fldiv                        text83       001552
__end_of___flmul                        text62       0011B8
__end_of___fltol                        text82       002C82
__end_of___lwdiv                        text68       003740
__end_of___wmul                         text67       0040CC
__end_of___xxtofl                       text81       0023EA
__end_of__initialization                cinit        00364C
__end_of_abs                            text45       003CD6
__end_of_adc_config                     text66       003C56
__end_of_adc_init10Bits                 text65       0041EE
__end_of_adc_read10Bits                 text64       00407C
__end_of_configurarHora                 text2        002A18
__end_of_dtoa                           text39       001B4E
__end_of_encender_leds                  text72       003462
__end_of_establecer_valores             text21       003968
__end_of_fputc                          text43       002FFE
__end_of_fputs                          text42       003C14
__end_of_imprimir                       text17       002E68
__end_of_inicializar_lcd                text76       003F06
__end_of_iniciar_emoticones             text15       0033E0
__end_of_iniciar_pic                    text74       00410C
__end_of_init_leds                      text73       004206
__end_of_init_ports                     text71       0041FC
__end_of_init_rtc                       text78       004214
__end_of_isalpha                        text37       003D50
__end_of_islower                        text35       003DFA
__end_of_isupper                        text36       003E32
__end_of_main                           text0        003560
__end_of_mostrar_emoticon               text59       00417E
__end_of_mostrar_estadistica            text23       002D7E
__end_of_mostrar_estadisticas           text14       0036CC
__end_of_mostrar_hora                   text1        0038B8
__end_of_obtener_distancia              text70       003B42
__end_of_obtener_tiempo_fecha           text24       0040A6
__end_of_pad                            text40       0030C4
__end_of_pines_ConfigurarHora           text75       0041DE
__end_of_putch                          text44       004216
__end_of_sensor_distancia               text69       00335E
__end_of_sensor_luz                     text63       0034E2
__end_of_sensor_temperatura             text61       0035DC
__end_of_sprintf                        text30       003A0E
__end_of_stoa                           text38       00289C
__end_of_strcat                         text25       003FC8
__end_of_strcpy                         text26       003D14
__end_of_strlen                         text41       003E9E
__end_of_toupper                        text34       00385E
__end_of_validar                        text22       002070
__end_of_vfpfcnvrt                      text32       001864
__end_of_vfprintf                       text31       0037A2
__end_of_xtoa                           text33       001E2E
__initialization                        cinit        0035DC
__mediumconst                           mediumconst  000000
__pbssBANK0                             bssBANK0     0000F5
__pbssBANK1                             bssBANK1     0001C8
__pbssBANK2                             bssBANK2     000200
__pbssBANK3                             bssBANK3     000300
__pcinit                                cinit        0035DC
__pcstackBANK0                          cstackBANK0  000060
__pcstackBANK1                          cstackBANK1  000100
__pcstackBANK2                          cstackBANK2  00025E
__pcstackCOMRAM                         cstackCOMRAM 000001
__pdataBANK1                            dataBANK1    0001E4
__pdataBANK2                            dataBANK2    0002BA
__pidataBANK1                           idataBANK1   004126
__pidataBANK2                           idataBANK2   003F38
__psmallconst                           smallconst   000800
__ptext0                                text0        0034E2
__ptext1                                text1        00385E
__ptext10                               text10       003968
__ptext11                               text11       003D8A
__ptext12                               text12       003188
__ptext13                               text13       0030C4
__ptext14                               text14       003656
__ptext15                               text15       00335E
__ptext16                               text16       003B42
__ptext17                               text17       002D7E
__ptext18                               text18       003C56
__ptext19                               text19       0037A2
__ptext2                                text2        00289C
__ptext20                               text20       004206
__ptext21                               text21       003912
__ptext22                               text22       001E2E
__ptext23                               text23       002C82
__ptext24                               text24       00407C
__ptext25                               text25       003F9A
__ptext26                               text26       003CD6
__ptext27                               text27       002E68
__ptext28                               text28       003AAE
__ptext29                               text29       003E32
__ptext3                                text3        0023EA
__ptext30                               text30       0039BC
__ptext31                               text31       003740
__ptext32                               text32       001552
__ptext33                               text33       001B4E
__ptext34                               text34       003800
__ptext35                               text35       003DC2
__ptext36                               text36       003DFA
__ptext37                               text37       003D14
__ptext38                               text38       002716
__ptext39                               text39       001864
__ptext4                                text4        00413C
__ptext40                               text40       002FFE
__ptext41                               text41       003E68
__ptext42                               text42       003BD0
__ptext43                               text43       002F34
__ptext44                               text44       004214
__ptext45                               text45       003C96
__ptext46                               text46       002A18
__ptext47                               text47       00258E
__ptext48                               text48       0038B8
__ptext49                               text49       00417E
__ptext5                                text5        003F06
__ptext50                               text50       003FC8
__ptext51                               text51       003FF6
__ptext52                               text52       0040CC
__ptext53                               text53       003D50
__ptext54                               text54       0041BA
__ptext55                               text55       004192
__ptext56                               text56       0041A6
__ptext57                               text57       003F6A
__ptext58                               text58       004152
__ptext59                               text59       004168
__ptext6                                text6        004024
__ptext60                               text60       003A0E
__ptext61                               text61       003560
__ptext62                               text62       000D8E
__ptext63                               text63       003462
__ptext64                               text64       004050
__ptext65                               text65       0041DE
__ptext66                               text66       003C14
__ptext67                               text67       0040A6
__ptext68                               text68       0036CC
__ptext69                               text69       0032CC
__ptext7                                text7        002070
__ptext70                               text70       003AF8
__ptext71                               text71       0041EE
__ptext72                               text72       0033E0
__ptext73                               text73       0041FC
__ptext74                               text74       0040EE
__ptext75                               text75       0041CC
__ptext76                               text76       003ED2
__ptext77                               text77       003A5E
__ptext78                               text78       00420E
__ptext79                               text79       00410C
__ptext8                                text8        003B8A
__ptext80                               text80       003238
__ptext81                               text81       002236
__ptext82                               text82       002B7C
__ptext83                               text83       0011B8
__ptext84                               text84       0008CE
__ptext9                                text9        003E9E
__ramtop                                ramtop       000800
__size_of_Anti_rebote                   (abs)        000000
__size_of_BCD_a_Decimal                 (abs)        000000
__size_of_Decimal_a_BCD                 (abs)        000000
__size_of_Establecer_Hora_Fecha         (abs)        000000
__size_of_I2C_Ack                       (abs)        000000
__size_of_I2C_Init                      (abs)        000000
__size_of_I2C_Nack                      (abs)        000000
__size_of_I2C_Read                      (abs)        000000
__size_of_I2C_Ready                     (abs)        000000
__size_of_I2C_Repeated_Start            (abs)        000000
__size_of_I2C_Start                     (abs)        000000
__size_of_I2C_Stop                      (abs)        000000
__size_of_I2C_Write                     (abs)        000000
__size_of_LCD_Char                      (abs)        000000
__size_of_LCD_Clear                     (abs)        000000
__size_of_LCD_Command                   (abs)        000000
__size_of_LCD_Custom_Char               (abs)        000000
__size_of_LCD_String                    (abs)        000000
__size_of_LCD_String_xy                 (abs)        000000
__size_of_LCD_xy                        (abs)        000000
__size_of_Parpadeo                      (abs)        000000
__size_of_RTC_Calendar_Write            (abs)        000000
__size_of_RTC_Clock_Write               (abs)        000000
__size_of_RTC_Read_Calendar             (abs)        000000
__size_of_RTC_Read_Clock                (abs)        000000
__size_of_RTC_obtener_fecha             (abs)        000000
__size_of_RTC_obtener_hora              (abs)        000000
__size_of_Reloj_Calendario              (abs)        000000
__size_of_USART_Init                    (abs)        000000
__size_of_USART_SendString              (abs)        000000
__size_of_USART_TxChar                  (abs)        000000
__size_of___aodiv                       (abs)        000000
__size_of___aomod                       (abs)        000000
__size_of___awdiv                       (abs)        000000
__size_of___awmod                       (abs)        000000
__size_of___fladd                       (abs)        000000
__size_of___fldiv                       (abs)        000000
__size_of___flmul                       (abs)        000000
__size_of___fltol                       (abs)        000000
__size_of___lwdiv                       (abs)        000000
__size_of___wmul                        (abs)        000000
__size_of___xxtofl                      (abs)        000000
__size_of_abs                           (abs)        000000
__size_of_adc_config                    (abs)        000000
__size_of_adc_init10Bits                (abs)        000000
__size_of_adc_read10Bits                (abs)        000000
__size_of_configurarHora                (abs)        000000
__size_of_dtoa                          (abs)        000000
__size_of_encender_leds                 (abs)        000000
__size_of_establecer_valores            (abs)        000000
__size_of_fputc                         (abs)        000000
__size_of_fputs                         (abs)        000000
__size_of_imprimir                      (abs)        000000
__size_of_inicializar_lcd               (abs)        000000
__size_of_iniciar_emoticones            (abs)        000000
__size_of_iniciar_pic                   (abs)        000000
__size_of_init_leds                     (abs)        000000
__size_of_init_ports                    (abs)        000000
__size_of_init_rtc                      (abs)        000000
__size_of_isalpha                       (abs)        000000
__size_of_islower                       (abs)        000000
__size_of_isupper                       (abs)        000000
__size_of_main                          (abs)        000000
__size_of_mostrar_emoticon              (abs)        000000
__size_of_mostrar_estadistica           (abs)        000000
__size_of_mostrar_estadisticas          (abs)        000000
__size_of_mostrar_hora                  (abs)        000000
__size_of_obtener_distancia             (abs)        000000
__size_of_obtener_tiempo_fecha          (abs)        000000
__size_of_pad                           (abs)        000000
__size_of_pines_ConfigurarHora          (abs)        000000
__size_of_putch                         (abs)        000000
__size_of_sensor_distancia              (abs)        000000
__size_of_sensor_luz                    (abs)        000000
__size_of_sensor_temperatura            (abs)        000000
__size_of_sprintf                       (abs)        000000
__size_of_stoa                          (abs)        000000
__size_of_strcat                        (abs)        000000
__size_of_strcpy                        (abs)        000000
__size_of_strlen                        (abs)        000000
__size_of_toupper                       (abs)        000000
__size_of_validar                       (abs)        000000
__size_of_vfpfcnvrt                     (abs)        000000
__size_of_vfprintf                      (abs)        000000
__size_of_xtoa                          (abs)        000000
__smallconst                            smallconst   000800
_abs                                    text45       003C96
_adc_config                             text66       003C14
_adc_init10Bits                         text65       0041DE
_adc_read10Bits                         text64       004050
_configurarHora                         text2        00289C
_date                                   bssBANK3     0003B4
_day                                    bssBANK0     0000FA
_dbuf                                   bssBANK2     00023E
_dist_ant                               bssBANK2     00023A
_dtoa                                   text39       001864
_dtoa$1870                              cstackCOMRAM 00002E
_encender_leds                          text72       0033E0
_establecer_valores                     text21       003912
_estado                                 bssBANK2     000236
_flags                                  bssBANK0     0000F5
_fputc                                  text43       002F34
_fputs                                  text42       003BD0
_hour                                   bssBANK0     0000F7
_hours                                  bssBANK0     0000FF
_i                                      bssBANK0     0000F9
_imprimir                               text17       002D7E
_inicializar_lcd                        text76       003ED2
_iniciar_emoticones                     text15       00335E
_iniciar_pic                            text74       0040EE
_init_leds                              text73       0041FC
_init_ports                             text71       0041EE
_init_rtc                               text78       00420E
_isalpha                                text37       003D14
_islower                                text35       003DC2
_isupper                                text36       003DFA
_lum_ant                                bssBANK2     000238
_main                                   text0        0034E2
_min                                    bssBANK1     0001D6
_minutes                                bssBANK0     0000FE
_month                                  bssBANK0     0000FB
_mostrar_emoticon                       text59       004168
_mostrar_estadistica                    text23       002C82
_mostrar_estadistica$2252               cstackBANK0  0000E5
_mostrar_estadisticas                   text14       003656
_mostrar_hora                           text1        00385E
_nout                                   bssBANK1     0001C8
_obtener_distancia                      text70       003AF8
_obtener_tiempo_fecha                   text24       00407C
_pad                                    text40       002FFE
_pines_ConfigurarHora                   text75       0041CC
_prec                                   bssBANK1     0001CC
_putch                                  text44       004214
_s_dist                                 bssBANK2     000234
_s_luz                                  bssBANK2     000230
_s_temp                                 bssBANK2     000232
_sec                                    bssBANK1     0001D8
_seconds                                bssBANK0     0000FD
_sensor_distancia                       text69       0032CC
_sensor_luz                             text63       003462
_sensor_temperatura                     text61       003560
_sprintf                                text30       0039BC
_stoa                                   text38       002716
_strcat                                 text25       003F9A
_strcpy                                 text26       003CD6
_strlen                                 text41       003E68
_temp_ant                               bssBANK2     00023C
_time                                   bssBANK3     000378
_toupper                                text34       003800
_toupper$1996                           cstackCOMRAM 00000D
_val_distancia                          bssBANK1     0001E2
_val_intensidad                         bssBANK1     0001DC
_val_luminosidad                        bssBANK1     0001DA
_val_temp                               bssBANK1     0001E0
_validar                                text22       001E2E
_value_adc                              bssBANK1     0001DE
_var                                    bssBANK3     000300
_vfpfcnvrt                              text32       001552
_vfprintf                               text31       003740
_width                                  bssBANK1     0001CA
_xtoa                                   text33       001B4E
_xtoa$1892                              cstackCOMRAM 00002F
_xtoa$1893                              cstackCOMRAM 000031
_year                                   bssBANK0     0000FC
abs@a                                   cstackCOMRAM 000013
adc_config@canal                        cstackCOMRAM 000001
adc_init10Bits@canal                    cstackCOMRAM 000003
adc_read10Bits@value_adc                cstackCOMRAM 000005
dtoa@d                                  cstackCOMRAM 00001E
dtoa@fp                                 cstackCOMRAM 00001C
dtoa@i                                  cstackCOMRAM 00003E
dtoa@n                                  cstackCOMRAM 000036
dtoa@p                                  cstackCOMRAM 000030
dtoa@s                                  cstackCOMRAM 000034
dtoa@w                                  cstackCOMRAM 000032
encender_leds@valor                     cstackBANK0  0000EF
end_of_initialization                   cinit        00364C
establecer_valores@mostrar_emoji        cstackBANK0  0000F1
fputc@c                                 cstackCOMRAM 000001
fputc@fp                                cstackCOMRAM 000003
fputs@c                                 cstackCOMRAM 00000E
fputs@fp                                cstackCOMRAM 00000C
fputs@i                                 cstackCOMRAM 00000F
fputs@s                                 cstackCOMRAM 00000A
imprimir@aux_dist                       cstackBANK0  000082
imprimir@aux_luz                        cstackBANK0  0000A2
imprimir@aux_temp                       cstackBANK0  000092
imprimir@dist                           cstackBANK0  00007A
imprimir@luz                            cstackBANK0  00007E
imprimir@temp                           cstackBANK0  00007C
iniciar_emoticones@F3820                dataBANK2    0002D2
iniciar_emoticones@F3822                dataBANK2    0002CA
iniciar_emoticones@F3824                dataBANK2    0002C2
iniciar_emoticones@F3826                dataBANK2    0002BA
iniciar_emoticones@distancia            cstackCOMRAM 00000F
iniciar_emoticones@luz                  cstackCOMRAM 000017
iniciar_emoticones@temperatura          cstackCOMRAM 000007
iniciar_emoticones@todo_bien            cstackCOMRAM 00001F
intlevel0                               text         000000
intlevel1                               text         000000
intlevel2                               text         000000
intlevel3                               text         000000
isa$std                                 (abs)        000001
isa$xinst                               (abs)        000000
isalpha@c                               cstackCOMRAM 000001
islower@c                               cstackCOMRAM 000001
isupper@c                               cstackCOMRAM 000001
mostrar_emoticon@i                      cstackCOMRAM 000003
mostrar_estadistica@mensaje_usart       cstackBANK0  000081
mostrar_estadistica@mensaje_usart_855   cstackBANK1  000100
mostrar_estadistica@mensaje_usart_857   cstackBANK1  000164
mostrar_estadistica@sensor              cstackBANK0  00007D
mostrar_estadistica@valor_usart         cstackBANK0  00007F
obtener_distancia@cm                    cstackCOMRAM 000003
pad@buf                                 cstackCOMRAM 000013
pad@fp                                  cstackCOMRAM 000011
pad@i                                   cstackCOMRAM 000018
pad@p                                   cstackCOMRAM 000015
pad@w                                   cstackCOMRAM 00001A
sprintf@ap                              cstackBANK0  000072
sprintf@f                               cstackBANK0  000074
sprintf@fmt                             cstackBANK0  00006A
sprintf@s                               cstackBANK0  000068
stackhi                                 (abs)        0007FF
stacklo                                 (abs)        0003F0
start                                   init         000000
start_initialization                    cinit        0035DC
stoa@F1141                              dataBANK1    0001E4
stoa@cp                                 cstackCOMRAM 00001A
stoa@fp                                 cstackCOMRAM 00000A
stoa@i                                  cstackCOMRAM 000016
stoa@l                                  cstackCOMRAM 00001E
stoa@nuls                               cstackCOMRAM 00000F
stoa@p                                  cstackCOMRAM 00001C
stoa@s                                  cstackCOMRAM 00000C
stoa@w                                  cstackCOMRAM 000018
strcat@dest                             cstackCOMRAM 00000D
strcat@src                              cstackCOMRAM 00000F
strcpy@d                                cstackCOMRAM 00000B
strcpy@dest                             cstackCOMRAM 000005
strcpy@s                                cstackCOMRAM 000009
strcpy@src                              cstackCOMRAM 000007
strlen@a                                cstackCOMRAM 000003
strlen@s                                cstackCOMRAM 000001
toupper@c                               cstackCOMRAM 000007
validar@contador                        cstackBANK2  0002B8
validar@distancia                       cstackBANK0  0000E9
validar@luz                             cstackBANK0  0000EB
validar@mostrar_emoji                   cstackBANK0  0000ED
validar@temp                            cstackBANK0  0000E7
validar@valor_usart                     cstackBANK2  00025E
validar@valor_usart_846                 cstackBANK2  00027C
validar@valor_usart_848                 cstackBANK2  00029A
vfpfcnvrt@ap                            cstackCOMRAM 000047
vfpfcnvrt@c                             cstackCOMRAM 00005F
vfpfcnvrt@cp                            cstackCOMRAM 00005D
vfpfcnvrt@fmt                           cstackCOMRAM 000045
vfpfcnvrt@fp                            cstackCOMRAM 000043
vfpfcnvrt@ll                            cstackCOMRAM 00004D
vfpfcnvrt@llu                           cstackCOMRAM 000055
vfprintf@ap                             cstackBANK0  000064
vfprintf@cfmt                           cstackBANK0  000066
vfprintf@fmt                            cstackBANK0  000062
vfprintf@fp                             cstackBANK0  000060
xtoa@c                                  cstackCOMRAM 000041
xtoa@d                                  cstackCOMRAM 00001E
xtoa@fp                                 cstackCOMRAM 00001C
xtoa@i                                  cstackCOMRAM 00003F
xtoa@n                                  cstackCOMRAM 000037
xtoa@p                                  cstackCOMRAM 000033
xtoa@w                                  cstackCOMRAM 000035
xtoa@x                                  cstackCOMRAM 000026


MODULE INFORMATION

Module		Function		Class		Link	Load	Size
C:\Program Files\Microchip\xc8\v2.32\pic\sources\c99\common\awdiv.c
		___awdiv       		CODE           	30C4	0000	196

C:\Program Files\Microchip\xc8\v2.32\pic\sources\c99\common\awdiv.c estimated size: 196

C:\Program Files\Microchip\xc8\v2.32\pic\sources\c99\common\nf_sprintf.c
		_sprintf       		CODE           	39BC	0000	82

C:\Program Files\Microchip\xc8\v2.32\pic\sources\c99\common\nf_sprintf.c estimated size: 82

C:\Program Files\Microchip\xc8\v2.32\pic\sources\c99\common\sprcadd.c
		___fladd       		CODE           	08CE	0000	1216

C:\Program Files\Microchip\xc8\v2.32\pic\sources\c99\common\sprcadd.c estimated size: 1216

C:\Program Files\Microchip\xc8\v2.32\pic\sources\c99\common\doprnt.c
		_vfpfcnvrt     		CODE           	1552	0000	786
		_pad           		CODE           	2FFE	0000	198
		_dtoa          		CODE           	1864	0000	746
		_vfprintf      		CODE           	3740	0000	98
		_stoa          		CODE           	2716	0000	390
		_xtoa          		CODE           	1B4E	0000	736

C:\Program Files\Microchip\xc8\v2.32\pic\sources\c99\common\doprnt.c estimated size: 2954

USART_Source_File.c
		_USART_TxChar  		CODE           	4152	0000	22
		_USART_SendString		CODE           	3F6A	0000	48
		_USART_Init    		CODE           	3238	0000	148

USART_Source_File.c estimated size: 218

adc_lib.c
		_adc_read10Bits		CODE           	4050	0000	44
		_adc_init10Bits		CODE           	41DE	0000	16
		_adc_config    		CODE           	3C14	0000	66

adc_lib.c estimated size: 126

Principal.c
		_mostrar_hora  		CODE           	385E	0000	90
		_iniciar_emoticones		CODE           	335E	0000	130
		_establecer_valores		CODE           	3912	0000	86
		_main          		CODE           	34E2	0000	126
		_mostrar_estadisticas		CODE           	3656	0000	118
		_iniciar_pic   		CODE           	40EE	0000	30
		_imprimir      		CODE           	2D7E	0000	234

Principal.c estimated size: 814

Leds.c
		_init_leds     		CODE           	41FC	0000	10
		_validar       		CODE           	1E2E	0000	578
		_encender_leds 		CODE           	33E0	0000	130
		_mostrar_estadistica		CODE           	2C82	0000	252

Leds.c estimated size: 970

C:\Program Files\Microchip\xc8\v2.32\pic\sources\c99\common\nf_fputs.c
		_fputs         		CODE           	3BD0	0000	68

C:\Program Files\Microchip\xc8\v2.32\pic\sources\c99\common\nf_fputs.c estimated size: 68

C:\Program Files\Microchip\xc8\v2.32\pic\sources\c99\common\putch.c
		_putch         		CODE           	4214	0000	2

C:\Program Files\Microchip\xc8\v2.32\pic\sources\c99\common\putch.c estimated size: 2

C:\Program Files\Microchip\xc8\v2.32\pic\sources\c99\common\isupper.c
		_isupper       		CODE           	3DFA	0000	56

C:\Program Files\Microchip\xc8\v2.32\pic\sources\c99\common\isupper.c estimated size: 56

C:\Program Files\Microchip\xc8\v2.32\pic\sources\c99\common\Umul16.c
		___wmul        		CODE           	40A6	0000	38

C:\Program Files\Microchip\xc8\v2.32\pic\sources\c99\common\Umul16.c estimated size: 38

C:\Program Files\Microchip\xc8\v2.32\pic\sources\c99\common\abs.c
		_abs           		CODE           	3C96	0000	64

C:\Program Files\Microchip\xc8\v2.32\pic\sources\c99\common\abs.c estimated size: 64

C:\Program Files\Microchip\xc8\v2.32\pic\sources\c99\common\aomod.c
		___aomod       		CODE           	2A18	0000	356

C:\Program Files\Microchip\xc8\v2.32\pic\sources\c99\common\aomod.c estimated size: 356

C:\Program Files\Microchip\xc8\v2.32\pic\sources\c99\common\islower.c
		_islower       		CODE           	3DC2	0000	56

C:\Program Files\Microchip\xc8\v2.32\pic\sources\c99\common\islower.c estimated size: 56

shared
		__initialization		CODE           	35DC	0000	112

shared estimated size: 112

C:\Program Files\Microchip\xc8\v2.32\pic\sources\c99\common\sprcmul.c
		___flmul       		CODE           	0D8E	0000	1066

C:\Program Files\Microchip\xc8\v2.32\pic\sources\c99\common\sprcmul.c estimated size: 1066

C:\Program Files\Microchip\xc8\v2.32\pic\sources\c99\common\awmod.c
		___awmod       		CODE           	3188	0000	176

C:\Program Files\Microchip\xc8\v2.32\pic\sources\c99\common\awmod.c estimated size: 176

C:\Program Files\Microchip\xc8\v2.32\pic\sources\c99\common\sprcdiv.c
		___fldiv       		CODE           	11B8	0000	922

C:\Program Files\Microchip\xc8\v2.32\pic\sources\c99\common\sprcdiv.c estimated size: 922

C:\Program Files\Microchip\xc8\v2.32\pic\sources\c99\common\toupper.c
		_toupper       		CODE           	3800	0000	94

C:\Program Files\Microchip\xc8\v2.32\pic\sources\c99\common\toupper.c estimated size: 94

C:\Program Files\Microchip\xc8\v2.32\pic\sources\c99\common\isalpha.c
		_isalpha       		CODE           	3D14	0000	60

C:\Program Files\Microchip\xc8\v2.32\pic\sources\c99\common\isalpha.c estimated size: 60

C:\Program Files\Microchip\xc8\v2.32\pic\sources\c99\common\lwdiv.c
		___lwdiv       		CODE           	36CC	0000	116

C:\Program Files\Microchip\xc8\v2.32\pic\sources\c99\common\lwdiv.c estimated size: 116

I2C_Source_File.c
		_I2C_Write     		CODE           	40CC	0000	34
		_I2C_Stop      		CODE           	417E	0000	20
		_I2C_Read      		CODE           	3D50	0000	58
		_I2C_Ready     		CODE           	41BA	0000	18
		_I2C_Init      		CODE           	410C	0000	26
		_I2C_Repeated_Start		CODE           	3FF6	0000	46
		_I2C_Ack       		CODE           	41A6	0000	20
		_I2C_Nack      		CODE           	4192	0000	20
		_I2C_Start     		CODE           	3FC8	0000	46

I2C_Source_File.c estimated size: 288

C:\Program Files\Microchip\xc8\v2.32\pic\sources\c99\common\strcat.c
		_strcat        		CODE           	3F9A	0000	46

C:\Program Files\Microchip\xc8\v2.32\pic\sources\c99\common\strcat.c estimated size: 46

C:\Program Files\Microchip\xc8\v2.32\pic\sources\c99\common\fltol.c
		___fltol       		CODE           	2B7C	0000	262

C:\Program Files\Microchip\xc8\v2.32\pic\sources\c99\common\fltol.c estimated size: 262

sensores.c
		_sensor_temperatura		CODE           	3560	0000	124
		_obtener_distancia		CODE           	3AF8	0000	74
		_init_ports    		CODE           	41EE	0000	14
		_sensor_luz    		CODE           	3462	0000	128
		_sensor_distancia		CODE           	32CC	0000	146

sensores.c estimated size: 486

C:\Program Files\Microchip\xc8\v2.32\pic\sources\c99\common\xxtofl.c
		___xxtofl      		CODE           	2236	0000	436

C:\Program Files\Microchip\xc8\v2.32\pic\sources\c99\common\xxtofl.c estimated size: 436

C:\Program Files\Microchip\xc8\v2.32\pic\sources\c99\common\nf_fputc.c
		_fputc         		CODE           	2F34	0000	202

C:\Program Files\Microchip\xc8\v2.32\pic\sources\c99\common\nf_fputc.c estimated size: 202

C:\Program Files\Microchip\xc8\v2.32\pic\sources\c99\common\aodiv.c
		___aodiv       		CODE           	258E	0000	392

C:\Program Files\Microchip\xc8\v2.32\pic\sources\c99\common\aodiv.c estimated size: 392

RTC.c
		_pines_ConfigurarHora		CODE           	41CC	0000	18
		_Parpadeo      		CODE           	3B8A	0000	70
		_Anti_rebote   		CODE           	3968	0000	84
		_obtener_tiempo_fecha		CODE           	407C	0000	42
		_configurarHora		CODE           	289C	0000	380
		_RTC_Clock_Write		CODE           	3F06	0000	50
		_init_rtc      		CODE           	420E	0000	6
		_Reloj_Calendario		CODE           	23EA	0000	420
		_RTC_obtener_hora		CODE           	2E68	0000	204
		_RTC_Calendar_Write		CODE           	4024	0000	44
		_RTC_obtener_fecha		CODE           	3E32	0000	54
		_BCD_a_Decimal 		CODE           	413C	0000	22
		_RTC_Read_Clock		CODE           	3AAE	0000	74
		_RTC_Read_Calendar		CODE           	38B8	0000	90
		_Decimal_a_BCD 		CODE           	3D8A	0000	56
		_Establecer_Hora_Fecha		CODE           	2070	0000	454

RTC.c estimated size: 2068

C:\Program Files\Microchip\xc8\v2.32\pic\sources\c99\common\strlen.c
		_strlen        		CODE           	3E68	0000	54

C:\Program Files\Microchip\xc8\v2.32\pic\sources\c99\common\strlen.c estimated size: 54

C:\Program Files\Microchip\xc8\v2.32\pic\sources\c99\common\strcpy.c
		_strcpy        		CODE           	3CD6	0000	62

C:\Program Files\Microchip\xc8\v2.32\pic\sources\c99\common\strcpy.c estimated size: 62

LCD.c
		_LCD_String    		CODE           	37A2	0000	94
		_mostrar_emoticon		CODE           	4168	0000	22
		_LCD_Command   		CODE           	3A5E	0000	80
		_LCD_String_xy 		CODE           	3C56	0000	64
		_LCD_Char      		CODE           	3A0E	0000	80
		_LCD_Clear     		CODE           	4206	0000	8
		_LCD_xy        		CODE           	3E9E	0000	52
		_inicializar_lcd		CODE           	3ED2	0000	52
		_LCD_Custom_Char		CODE           	3B42	0000	72

LCD.c estimated size: 524

