Microchip MPLAB XC8 Compiler V2.32

Linker command line:

-W-3 --edf=D:\mplab\pic\dat\en_msgs.txt -cn \
  -h+dist/default/production\Active_environment.production.sym \
  --cmf=dist/default/production\Active_environment.production.cmf -z \
  -Q18F4550 -oC:\Users\ASUS\AppData\Local\Temp\xcAsb1s.5 \
  --defsym=__MPLAB_BUILD=1 \
  -Mdist/default/production/Active_environment.production.map -E1 \
  -ver=XC8 Compiler --acfsm=1493 -ASTACK=03F0h-07FFh -pstack=STACK \
  -ACODE=00h-07FFFh -ACONST=00h-07FFFh -ASMALLCONST=0800h-08FFhx120 \
  -AMEDIUMCONST=0800h-07FFFh -ACOMRAM=01h-05Fh -AABS1=00h-07FFh \
  -ABIGRAM=01h-07FFh -ARAM=060h-0FFh,0100h-01FFhx7 -ABANK0=060h-0FFh \
  -ABANK1=0100h-01FFh -ABANK2=0200h-02FFh -ABANK3=0300h-03FFh \
  -ABANK4=0400h-04FFh -ABANK5=0500h-05FFh -ABANK6=0600h-06FFh \
  -ABANK7=0700h-07FFh -ASFR=0F60h-0FFFh -ACONFIG=0300000h-030000Dh \
  -AIDLOC=0200000h-0200007h -AEEDATA=0F00000h-0F000FFh -peeprom_data=EEDATA \
  -preset_vec=00h,intcode,intcodelo,powerup,init -pramtop=0800h \
  -psmallconst=SMALLCONST -pmediumconst=MEDIUMCONST -pconst=CONST \
  -AFARRAM=00h-00h \
  -prdata=COMRAM,nvrram=COMRAM,nvbit=COMRAM,rbss=COMRAM,rbit=COMRAM \
  -pfarbss=FARRAM,fardata=FARRAM,nvFARRAM=FARRAM \
  -pintsave_regs=BIGRAM,bigbss=BIGRAM,bigdata=BIGRAM -pbss=RAM \
  -pidata=CODE,irdata=CODE,ibigdata=CODE,ifardata=CODE -prparam=COMRAM \
  C:\Users\ASUS\AppData\Local\Temp\xcAsb1s.o \
  dist/default/production\Active_environment.production.o 

Object code version is 3.11

Machine type is 18F4550



                Name                               Link     Load   Length Selector   Space Scale
C:\Users\ASUS\AppData\Local\Temp\xcAsb1s.o
                idloc                            200000   200000        8        0       5
                config                           300000   300000        E        0       4
                init                                  0        0        4        0       0
dist/default/production\Active_environment.production.o
                idloc                            200000   200000        8        0       5
                config                           300000   300000        E        0       4
                smallconst                          800      800       CE      400       0
                text70                              8CE      8CE      4C0      467       0
                text69                             11B8     11B8      39A      467       0
                text68                             2644     2644      106      467       0
                text67                             201E     201E      1B4      467       0
                text66                             2C70     2C70       94      467       0
                text65                             329E     329E       50      467       0
                text64                             324E     324E       50      467       0
                text63                             3382     3382       48      467       0
                text62                             2E18     2E18       82      467       0
                text61                             389C     389C       1A     1B82       0
                text60                             3976     3976        6     1B82       0
                text59                             369E     369E       34      467       0
                text58                             385C     385C       22     1B82       0
                text57                             387E     387E       1E     1B82       0
                text56                             3964     3964        A     1B82       0
                text55                             2D96     2D96       82      467       0
                text54                             396E     396E        8     1B82       0
                text53                             3144     3144       5E      467       0
                text52                             3490     3490       40      467       0
                text51                             21D2     21D2      188      467       0
                text50                             24E0     24E0      164      467       0
                text49                             3450     3450       40      467       0
                text48                             397C     397C        2     1B82       0
                text47                             2AE0     2AE0       CA      467       0
                text46                             33CA     33CA       44      467       0
                text45                             3668     3668       36      467       0
                text44                             2BAA     2BAA       C6      467       0
                text43                             1864     1864      2EA      467       0
                text42                             235A     235A      186      467       0
                text41                             354C     354C       3C      467       0
                text40                             35FA     35FA       38      467       0
                text39                             35C2     35C2       38      467       0
                text38                             30E6     30E6       5E      467       0
                text37                             1B4E     1B4E      2E0      467       0
                text36                             1552     1552      312      467       0
                text35                             3084     3084       62      467       0
                text34                             31FC     31FC       52      467       0
                text33                             2846     2846       EA      467       0
                text32                             3956     3956        E     1B82       0
                text31                             3338     3338       4A      467       0
                text30                             2D04     2D04       92      467       0
                text29                             3010     3010       74      467       0
                text28                             3814     3814       26     1B82       0
                text27                             340E     340E       42      467       0
                text26                             3946     3946       10     1B82       0
                text25                             37BE     37BE       2C     1B82       0
                text24                             2E9A     2E9A       80      467       0
                text23                              D8E      D8E      42A      467       0
                text22                             2F1A     2F1A       7C      467       0
                text21                             38E2     38E2       16     1B82       0
                text20                             38CC     38CC       16     1B82       0
                text19                             3704     3704       30     1B82       0
                text18                             3920     3920       14     1B82       0
                text17                             390C     390C       14     1B82       0
                text16                             3934     3934       12     1B82       0
                text15                             3588     3588       3A      467       0
                text14                             383A     383A       22     1B82       0
                text13                             3790     3790       2E     1B82       0
                text12                             3762     3762       2E     1B82       0
                text11                             38F8     38F8       14     1B82       0
                text10                             31A2     31A2       5A      467       0
                text9                              3632     3632       36      467       0
                text8                              32EE     32EE       4A      467       0
                text7                              2A14     2A14       CC      467       0
                text6                              350E     350E       3E      467       0
                text5                              3734     3734       2E     1B82       0
                text4                              37EA     37EA       2A     1B82       0
                text3                              274A     274A       FC      467       0
                text2                              1E2E     1E2E      1F0      467       0
                text1                              2930     2930       E4      467       0
                text0                              34D0     34D0       3E      467       0
                cstackCOMRAM                          1        1       5F        1       1
                cstackBANK0                          60       60       97       60       1
                cstackBANK1                         100      100       C8      100       1
                cstackBANK2                         200      200       5C      200       1
                bssBANK3                            300      300       F0      300       1
                dataBANK2                           2B4      2B4       31      200       1
                bssBANK2                            25C      25C       58      200       1
                dataBANK1                           1E6      1E6       16      100       1
                bssBANK1                            1C8      1C8       1E      100       1
                bssBANK0                             F7       F7        9       60       1
                cinit                              2F96     2F96       7A      467       0
                idataBANK2                         36D2     36D2       31      467       0
                idataBANK1                         38B6     38B6       16     1B82       0

TOTAL           Name                               Link     Load   Length     Space
        CLASS   STACK          

        CLASS   CODE           
                init                                  0        0        4         0
                text70                              8CE      8CE      4C0         0
                text69                             11B8     11B8      39A         0
                text68                             2644     2644      106         0
                text67                             201E     201E      1B4         0
                text66                             2C70     2C70       94         0
                text65                             329E     329E       50         0
                text64                             324E     324E       50         0
                text63                             3382     3382       48         0
                text62                             2E18     2E18       82         0
                text61                             389C     389C       1A         0
                text60                             3976     3976        6         0
                text59                             369E     369E       34         0
                text58                             385C     385C       22         0
                text57                             387E     387E       1E         0
                text56                             3964     3964        A         0
                text55                             2D96     2D96       82         0
                text54                             396E     396E        8         0
                text53                             3144     3144       5E         0
                text52                             3490     3490       40         0
                text51                             21D2     21D2      188         0
                text50                             24E0     24E0      164         0
                text49                             3450     3450       40         0
                text48                             397C     397C        2         0
                text47                             2AE0     2AE0       CA         0
                text46                             33CA     33CA       44         0
                text45                             3668     3668       36         0
                text44                             2BAA     2BAA       C6         0
                text43                             1864     1864      2EA         0
                text42                             235A     235A      186         0
                text41                             354C     354C       3C         0
                text40                             35FA     35FA       38         0
                text39                             35C2     35C2       38         0
                text38                             30E6     30E6       5E         0
                text37                             1B4E     1B4E      2E0         0
                text36                             1552     1552      312         0
                text35                             3084     3084       62         0
                text34                             31FC     31FC       52         0
                text33                             2846     2846       EA         0
                text32                             3956     3956        E         0
                text31                             3338     3338       4A         0
                text30                             2D04     2D04       92         0
                text29                             3010     3010       74         0
                text28                             3814     3814       26         0
                text27                             340E     340E       42         0
                text26                             3946     3946       10         0
                text25                             37BE     37BE       2C         0
                text24                             2E9A     2E9A       80         0
                text23                              D8E      D8E      42A         0
                text22                             2F1A     2F1A       7C         0
                text21                             38E2     38E2       16         0
                text20                             38CC     38CC       16         0
                text19                             3704     3704       30         0
                text18                             3920     3920       14         0
                text17                             390C     390C       14         0
                text16                             3934     3934       12         0
                text15                             3588     3588       3A         0
                text14                             383A     383A       22         0
                text13                             3790     3790       2E         0
                text12                             3762     3762       2E         0
                text11                             38F8     38F8       14         0
                text10                             31A2     31A2       5A         0
                text9                              3632     3632       36         0
                text8                              32EE     32EE       4A         0
                text7                              2A14     2A14       CC         0
                text6                              350E     350E       3E         0
                text5                              3734     3734       2E         0
                text4                              37EA     37EA       2A         0
                text3                              274A     274A       FC         0
                text2                              1E2E     1E2E      1F0         0
                text1                              2930     2930       E4         0
                text0                              34D0     34D0       3E         0
                cinit                              2F96     2F96       7A         0
                idataBANK2                         36D2     36D2       31         0
                idataBANK1                         38B6     38B6       16         0

        CLASS   CONST          

        CLASS   SMALLCONST     
                smallconst                          800      800       CE         0

        CLASS   MEDIUMCONST    

        CLASS   COMRAM         
                cstackCOMRAM                          1        1       5F         1

        CLASS   ABS1           

        CLASS   BIGRAM         

        CLASS   RAM            

        CLASS   BANK0          
                cstackBANK0                          60       60       97         1
                bssBANK0                             F7       F7        9         1

        CLASS   BANK1          
                cstackBANK1                         100      100       C8         1
                dataBANK1                           1E6      1E6       16         1
                bssBANK1                            1C8      1C8       1E         1

        CLASS   BANK2          
                cstackBANK2                         200      200       5C         1
                dataBANK2                           2B4      2B4       31         1
                bssBANK2                            25C      25C       58         1

        CLASS   BANK3          
                bssBANK3                            300      300       F0         1

        CLASS   BANK4          

        CLASS   BANK5          

        CLASS   BANK6          

        CLASS   BANK7          

        CLASS   SFR            

        CLASS   CONFIG         
                config                           300000   300000        E         4

        CLASS   IDLOC          
                idloc                            200000   200000        8         5

        CLASS   EEDATA         

        CLASS   FARRAM         



SEGMENTS        Name                           Load    Length   Top    Selector   Space  Class

                reset_vec                      000000  000004  000004         0       0  CODE    
                cstackCOMRAM                   000001  00005F  000060         1       1  COMRAM  
                cstackBANK0                    000060  0000A0  000100        60       1  BANK0   
                cstackBANK1                    000100  0000FC  0001FC       100       1  BANK1   
                cstackBANK2                    000200  0000E5  0002E5       200       1  BANK2   
                bssBANK3                       000300  0000F0  0003F0       300       1  BANK3   
                smallconst                     000800  0000CE  0008CE       400       0  SMALLCON
                text70                         0008CE  002E35  003703       467       0  CODE    
                text19                         003704  00027A  00397E      1B82       0  CODE    


UNUSED ADDRESS RANGES

        Name                Unused          Largest block    Delta
        BANK1            0001FC-0001FF                4
        BANK2            0002E5-0002FF               1B
        BANK3            0003F0-0003FF               10
        BANK4            000400-0004FF              100
        BANK5            000500-0005FF              100
        BANK6            000600-0006FF              100
        BANK7            000700-0007FF              100
        BIGRAM           0001FC-0001FF                4
                         0002E5-0002FF               1B
                         0003F0-0007FF              410
        CODE             000004-0007FF              7FC
                         003703-003703                1
                         00397E-007FFF             4682
        CONST            000004-0007FF              7FC
                         003703-003703                1
                         00397E-007FFF             4682
        EEDATA           F00000-F000FF              100
        MEDIUMCONST      003703-003703                1
                         00397E-007FFF             4682
        RAM              0001FC-0001FF                4
                         0002E5-0002FF               1B
                         0003F0-0007FF              100
        SFR              000F60-000FFF               A0
        SMALLCONST       003703-003703                1
                         00397E-007FFF              100
        STACK            0003F0-0007FF              410

                                  Symbol Table

?___aodiv                               cstackCOMRAM 000001
?___aomod                               cstackCOMRAM 000001
?___fladd                               cstackCOMRAM 000028
?___fldiv                               cstackCOMRAM 00000F
?___flmul                               cstackCOMRAM 00000F
?___fltol                               cstackCOMRAM 000028
?___lwdiv                               cstackCOMRAM 000007
?___wmul                                cstackCOMRAM 000001
?___xxtofl                              cstackCOMRAM 000001
?_abs                                   cstackCOMRAM 000013
?_adc_read10Bits                        cstackCOMRAM 000001
?_dtoa                                  cstackCOMRAM 00001C
?_isalpha                               cstackCOMRAM 000001
?_islower                               cstackCOMRAM 000001
?_isupper                               cstackCOMRAM 000001
?_obtener_distancia                     cstackCOMRAM 000001
?_obtener_tiempo_fecha                  cstackBANK0  00007B
?_pad                                   cstackCOMRAM 000011
?_sensor_distancia                      cstackCOMRAM 000005
?_sensor_luz                            cstackCOMRAM 00000E
?_sensor_temperatura                    cstackCOMRAM 000032
?_sprintf                               cstackBANK0  000068
?_stoa                                  cstackCOMRAM 00000A
?_strcat                                cstackCOMRAM 00000D
?_strlen                                cstackCOMRAM 000001
?_toupper                               cstackCOMRAM 000007
?_validar                               cstackBANK0  0000E7
?_vfpfcnvrt                             cstackCOMRAM 000043
?_vfprintf                              cstackBANK0  000060
?_xtoa                                  cstackCOMRAM 00001C
I2C_Read@buffer                         cstackCOMRAM 000002
I2C_Read@flag                           cstackCOMRAM 000001
I2C_Repeated_Start@slave_read_address   cstackCOMRAM 000002
I2C_Start@slave_write_address           cstackCOMRAM 000002
I2C_Write@data                          cstackCOMRAM 000001
LCD_Char@dat                            cstackCOMRAM 000002
LCD_Command@cmd                         cstackCOMRAM 000002
LCD_Custom_Char@i                       cstackCOMRAM 000006
LCD_Custom_Char@loc                     cstackCOMRAM 000005
LCD_Custom_Char@msg                     cstackCOMRAM 000003
LCD_String@msg                          cstackCOMRAM 000003
LCD_String_xy@location                  cstackCOMRAM 000009
LCD_String_xy@msg                       cstackCOMRAM 000006
LCD_String_xy@pos                       cstackCOMRAM 000005
LCD_String_xy@row                       cstackCOMRAM 000008
RTC_Read_Calendar@read_calendar_address cstackCOMRAM 000004
RTC_Read_Clock@read_clock_address       cstackCOMRAM 000004
RTC_obtener_hora@AM_PM                  cstackBANK0  00007A
Reloj_Calendario@Date                   dataBANK2    0002D4
Reloj_Calendario@Time                   dataBANK1    0001ED
USART_Init@baud_rate                    cstackCOMRAM 000038
USART_Init@temp                         cstackCOMRAM 00003C
USART_SendString@out                    cstackCOMRAM 000002
USART_TxChar@out                        cstackCOMRAM 000001
_ACKDT                                  (abs)        007E2D
_ACKEN                                  (abs)        007E2C
_ACKSTAT                                (abs)        007E2E
_ADCON0bits                             (abs)        000FC2
_ADCON1                                 (abs)        000FC1
_ADCON1bits                             (abs)        000FC1
_ADCON2bits                             (abs)        000FC0
_ADRESH                                 (abs)        000FC4
_ADRESL                                 (abs)        000FC3
_CREN                                   (abs)        007D5C
_Date                                   bssBANK1     0001D2
_Day                                    bssBANK1     0001D4
_I2C_Ack                                text18       003920
_I2C_Init                               text61       00389C
_I2C_Nack                               text17       00390C
_I2C_Read                               text15       003588
_I2C_Ready                              text16       003934
_I2C_Repeated_Start                     text13       003790
_I2C_Start                              text12       003762
_I2C_Stop                               text11       0038F8
_I2C_Write                              text14       00383A
_LATB3                                  (abs)        007C53
_LATB4                                  (abs)        007C54
_LATB5                                  (abs)        007C55
_LATCbits                               (abs)        000F8B
_LATD                                   (abs)        000F8C
_LATD0                                  (abs)        007C60
_LATD1                                  (abs)        007C61
_LCD_Char                               text65       00329E
_LCD_Clear                              text54       00396E
_LCD_Command                            text64       00324E
_LCD_Custom_Char                        text63       003382
_LCD_String                             text53       003144
_LCD_String_xy                          text52       003490
_Month                                  bssBANK1     0001D0
_OSCCON                                 (abs)        000FD3
_OSCCONbits                             (abs)        000FD3
_PEN                                    (abs)        007E2A
_PORTAbits                              (abs)        000F80
_PORTCbits                              (abs)        000F82
_RBPU                                   (abs)        007F8F
_RCEN                                   (abs)        007E2B
_RCIF                                   (abs)        007CF5
_RCREG                                  (abs)        000FAE
_RCSTA                                  (abs)        000FAB
_RCSTAbits                              (abs)        000FAB
_RSEN                                   (abs)        007E29
_RTC_Read_Calendar                      text10       0031A2
_RTC_Read_Clock                         text8        0032EE
_RTC_obtener_fecha                      text9        003632
_RTC_obtener_hora                       text7        002A14
_SPBRG                                  (abs)        000FAF
_SSPADD                                 (abs)        000FC8
_SSPBUF                                 (abs)        000FC9
_SSPCON1                                (abs)        000FC6
_SSPCON2                                (abs)        000FC5
_SSPCON2bits                            (abs)        000FC5
_SSPIE                                  (abs)        007CEB
_SSPIF                                  (abs)        007CF3
_SSPSTAT                                (abs)        000FC7
_SSPSTATbits                            (abs)        000FC7
_TRISAbits                              (abs)        000F92
_TRISB0                                 (abs)        007C98
_TRISB1                                 (abs)        007C99
_TRISB3                                 (abs)        007C9B
_TRISB4                                 (abs)        007C9C
_TRISB5                                 (abs)        007C9D
_TRISB6                                 (abs)        007C9E
_TRISBbits                              (abs)        000F93
_TRISC6                                 (abs)        007CA6
_TRISC7                                 (abs)        007CA7
_TRISCbits                              (abs)        000F94
_TRISD                                  (abs)        000F95
_TXIF                                   (abs)        007CF4
_TXREG                                  (abs)        000FAD
_TXSTA                                  (abs)        000FAC
_USART_Init                             text66       002C70
_USART_SendString                       text19       003704
_USART_TxChar                           text20       0038CC
_Year                                   bssBANK1     0001CE
__HRAM                                  (abs)        000000
__Habs1                                 abs1         000000
__Hbank0                                bank0        000000
__Hbank1                                bank1        000000
__Hbank2                                bank2        000000
__Hbank3                                bank3        000000
__Hbank4                                bank4        000000
__Hbank5                                bank5        000000
__Hbank6                                bank6        000000
__Hbank7                                bank7        000000
__Hbigbss                               bigbss       000000
__Hbigdata                              bigdata      000000
__Hbigram                               bigram       000000
__Hbss                                  bss          000000
__HbssBANK0                             bssBANK0     000000
__HbssBANK1                             bssBANK1     000000
__HbssBANK2                             bssBANK2     000000
__HbssBANK3                             bssBANK3     000000
__Hcinit                                cinit        000000
__Hclrtext                              clrtext      000000
__Hcomram                               comram       000000
__Hconfig                               config       30000E
__Hconst                                const        000000
__HcstackBANK0                          cstackBANK0  000000
__HcstackBANK1                          cstackBANK1  000000
__HcstackBANK2                          cstackBANK2  000000
__HcstackCOMRAM                         cstackCOMRAM 000000
__Hdata                                 data         000000
__HdataBANK1                            dataBANK1    000000
__HdataBANK2                            dataBANK2    000000
__Heeprom_data                          eeprom_data  000000
__Hfarbss                               farbss       000000
__Hfardata                              fardata      000000
__Hibigdata                             ibigdata     000000
__Hidata                                idata        000000
__HidataBANK1                           idataBANK1   000000
__HidataBANK2                           idataBANK2   000000
__Hidloc                                idloc        200008
__Hifardata                             ifardata     000000
__Hinit                                 init         000004
__Hintcode                              intcode      000000
__Hintcode_body                         intcode_body 000000
__Hintcodelo                            intcodelo    000000
__Hintentry                             intentry     000000
__Hintret                               intret       000000
__Hintsave_regs                         intsave_regs 000000
__Hirdata                               irdata       000000
__Hmediumconst                          mediumconst  000000
__HnvFARRAM                             nvFARRAM     000000
__Hnvbit                                nvbit        000000
__Hnvrram                               nvrram       000000
__Hparam                                rparam       000000
__Hpowerup                              powerup      000000
__Hram                                  ram          000000
__Hramtop                               ramtop       000800
__Hrbit                                 rbit         000000
__Hrbss                                 rbss         000000
__Hrdata                                rdata        000000
__Hreset_vec                            reset_vec    000000
__Hrparam                               rparam       000000
__Hsfr                                  sfr          000000
__Hsmallconst                           smallconst   0008CE
__Hspace_0                              (abs)        00397E
__Hspace_1                              (abs)        0003F0
__Hspace_2                              (abs)        000000
__Hspace_4                              (abs)        60000E
__Hstack                                stack        000000
__Hstruct                               struct       000000
__Htemp                                 temp         000000
__Htext                                 text         000000
__Htext0                                text0        000000
__Htext1                                text1        000000
__Htext10                               text10       000000
__Htext11                               text11       000000
__Htext12                               text12       000000
__Htext13                               text13       000000
__Htext14                               text14       000000
__Htext15                               text15       000000
__Htext16                               text16       000000
__Htext17                               text17       000000
__Htext18                               text18       000000
__Htext19                               text19       000000
__Htext2                                text2        000000
__Htext20                               text20       000000
__Htext21                               text21       000000
__Htext22                               text22       000000
__Htext23                               text23       000000
__Htext24                               text24       000000
__Htext25                               text25       000000
__Htext26                               text26       000000
__Htext27                               text27       000000
__Htext28                               text28       000000
__Htext29                               text29       000000
__Htext3                                text3        000000
__Htext30                               text30       000000
__Htext31                               text31       000000
__Htext32                               text32       000000
__Htext33                               text33       000000
__Htext34                               text34       000000
__Htext35                               text35       000000
__Htext36                               text36       000000
__Htext37                               text37       000000
__Htext38                               text38       000000
__Htext39                               text39       000000
__Htext4                                text4        000000
__Htext40                               text40       000000
__Htext41                               text41       000000
__Htext42                               text42       000000
__Htext43                               text43       000000
__Htext44                               text44       000000
__Htext45                               text45       000000
__Htext46                               text46       000000
__Htext47                               text47       000000
__Htext48                               text48       000000
__Htext49                               text49       000000
__Htext5                                text5        000000
__Htext50                               text50       000000
__Htext51                               text51       000000
__Htext52                               text52       000000
__Htext53                               text53       000000
__Htext54                               text54       000000
__Htext55                               text55       000000
__Htext56                               text56       000000
__Htext57                               text57       000000
__Htext58                               text58       000000
__Htext59                               text59       000000
__Htext6                                text6        000000
__Htext60                               text60       000000
__Htext61                               text61       000000
__Htext62                               text62       000000
__Htext63                               text63       000000
__Htext64                               text64       000000
__Htext65                               text65       000000
__Htext66                               text66       000000
__Htext67                               text67       000000
__Htext68                               text68       000000
__Htext69                               text69       000000
__Htext7                                text7        000000
__Htext70                               text70       000000
__Htext8                                text8        000000
__Htext9                                text9        000000
__LRAM                                  (abs)        000001
__Labs1                                 abs1         000000
__Lbank0                                bank0        000000
__Lbank1                                bank1        000000
__Lbank2                                bank2        000000
__Lbank3                                bank3        000000
__Lbank4                                bank4        000000
__Lbank5                                bank5        000000
__Lbank6                                bank6        000000
__Lbank7                                bank7        000000
__Lbigbss                               bigbss       000000
__Lbigdata                              bigdata      000000
__Lbigram                               bigram       000000
__Lbss                                  bss          000000
__LbssBANK0                             bssBANK0     000000
__LbssBANK1                             bssBANK1     000000
__LbssBANK2                             bssBANK2     000000
__LbssBANK3                             bssBANK3     000000
__Lcinit                                cinit        000000
__Lclrtext                              clrtext      000000
__Lcomram                               comram       000000
__Lconfig                               config       000000
__Lconst                                const        000000
__LcstackBANK0                          cstackBANK0  000000
__LcstackBANK1                          cstackBANK1  000000
__LcstackBANK2                          cstackBANK2  000000
__LcstackCOMRAM                         cstackCOMRAM 000000
__Ldata                                 data         000000
__LdataBANK1                            dataBANK1    000000
__LdataBANK2                            dataBANK2    000000
__Leeprom_data                          eeprom_data  000000
__Lfarbss                               farbss       000000
__Lfardata                              fardata      000000
__Libigdata                             ibigdata     000000
__Lidata                                idata        000000
__LidataBANK1                           idataBANK1   000000
__LidataBANK2                           idataBANK2   000000
__Lidloc                                idloc        000000
__Lifardata                             ifardata     000000
__Linit                                 init         000000
__Lintcode                              intcode      000000
__Lintcode_body                         intcode_body 000000
__Lintcodelo                            intcodelo    000000
__Lintentry                             intentry     000000
__Lintret                               intret       000000
__Lintsave_regs                         intsave_regs 000000
__Lirdata                               irdata       000000
__Lmediumconst                          mediumconst  000000
__LnvFARRAM                             nvFARRAM     000000
__Lnvbit                                nvbit        000000
__Lnvrram                               nvrram       000000
__Lparam                                rparam       000000
__Lpowerup                              powerup      000000
__Lram                                  ram          000000
__Lramtop                               ramtop       000800
__Lrbit                                 rbit         000000
__Lrbss                                 rbss         000000
__Lrdata                                rdata        000000
__Lreset_vec                            reset_vec    000000
__Lrparam                               rparam       000000
__Lsfr                                  sfr          000000
__Lsmallconst                           smallconst   000800
__Lspace_0                              (abs)        000000
__Lspace_1                              (abs)        000000
__Lspace_2                              (abs)        000000
__Lspace_4                              (abs)        000000
__Lstack                                stack        000000
__Lstruct                               struct       000000
__Ltemp                                 temp         000000
__Ltext                                 text         000000
__Ltext0                                text0        000000
__Ltext1                                text1        000000
__Ltext10                               text10       000000
__Ltext11                               text11       000000
__Ltext12                               text12       000000
__Ltext13                               text13       000000
__Ltext14                               text14       000000
__Ltext15                               text15       000000
__Ltext16                               text16       000000
__Ltext17                               text17       000000
__Ltext18                               text18       000000
__Ltext19                               text19       000000
__Ltext2                                text2        000000
__Ltext20                               text20       000000
__Ltext21                               text21       000000
__Ltext22                               text22       000000
__Ltext23                               text23       000000
__Ltext24                               text24       000000
__Ltext25                               text25       000000
__Ltext26                               text26       000000
__Ltext27                               text27       000000
__Ltext28                               text28       000000
__Ltext29                               text29       000000
__Ltext3                                text3        000000
__Ltext30                               text30       000000
__Ltext31                               text31       000000
__Ltext32                               text32       000000
__Ltext33                               text33       000000
__Ltext34                               text34       000000
__Ltext35                               text35       000000
__Ltext36                               text36       000000
__Ltext37                               text37       000000
__Ltext38                               text38       000000
__Ltext39                               text39       000000
__Ltext4                                text4        000000
__Ltext40                               text40       000000
__Ltext41                               text41       000000
__Ltext42                               text42       000000
__Ltext43                               text43       000000
__Ltext44                               text44       000000
__Ltext45                               text45       000000
__Ltext46                               text46       000000
__Ltext47                               text47       000000
__Ltext48                               text48       000000
__Ltext49                               text49       000000
__Ltext5                                text5        000000
__Ltext50                               text50       000000
__Ltext51                               text51       000000
__Ltext52                               text52       000000
__Ltext53                               text53       000000
__Ltext54                               text54       000000
__Ltext55                               text55       000000
__Ltext56                               text56       000000
__Ltext57                               text57       000000
__Ltext58                               text58       000000
__Ltext59                               text59       000000
__Ltext6                                text6        000000
__Ltext60                               text60       000000
__Ltext61                               text61       000000
__Ltext62                               text62       000000
__Ltext63                               text63       000000
__Ltext64                               text64       000000
__Ltext65                               text65       000000
__Ltext66                               text66       000000
__Ltext67                               text67       000000
__Ltext68                               text68       000000
__Ltext69                               text69       000000
__Ltext7                                text7        000000
__Ltext70                               text70       000000
__Ltext8                                text8        000000
__Ltext9                                text9        000000
__S0                                    (abs)        00397E
__S1                                    (abs)        0003F0
__S2                                    (abs)        000000
__S4                                    (abs)        000000
__S5                                    (abs)        000000
___aodiv                                text51       0021D2
___aodiv@counter                        cstackCOMRAM 000011
___aodiv@dividend                       cstackCOMRAM 000001
___aodiv@divisor                        cstackCOMRAM 000009
___aodiv@quotient                       cstackCOMRAM 000013
___aodiv@sign                           cstackCOMRAM 000012
___aomod                                text50       0024E0
___aomod@counter                        cstackCOMRAM 000011
___aomod@dividend                       cstackCOMRAM 000001
___aomod@divisor                        cstackCOMRAM 000009
___aomod@sign                           cstackCOMRAM 000012
___fladd                                text70       0008CE
___fladd@a                              cstackCOMRAM 00002C
___fladd@aexp                           cstackCOMRAM 000035
___fladd@b                              cstackCOMRAM 000028
___fladd@bexp                           cstackCOMRAM 000036
___fladd@grs                            cstackCOMRAM 000037
___fladd@signs                          cstackCOMRAM 000034
___fldiv                                text69       0011B8
___fldiv@a                              cstackCOMRAM 000013
___fldiv@aexp                           cstackCOMRAM 000027
___fldiv@b                              cstackCOMRAM 00000F
___fldiv@bexp                           cstackCOMRAM 000026
___fldiv@grs                            cstackCOMRAM 000022
___fldiv@new_exp                        cstackCOMRAM 000020
___fldiv@rem                            cstackCOMRAM 00001B
___fldiv@sign                           cstackCOMRAM 00001F
___flmul                                text23       000D8E
___flmul@a                              cstackCOMRAM 000013
___flmul@aexp                           cstackCOMRAM 000020
___flmul@b                              cstackCOMRAM 00000F
___flmul@bexp                           cstackCOMRAM 000021
___flmul@grs                            cstackCOMRAM 00001C
___flmul@prod                           cstackCOMRAM 000022
___flmul@sign                           cstackCOMRAM 00001B
___flmul@temp                           cstackCOMRAM 000026
___fltol                                text68       002644
___fltol@exp1                           cstackCOMRAM 000031
___fltol@f1                             cstackCOMRAM 000028
___fltol@sign1                          cstackCOMRAM 000030
___inthi_sp                             stack        000000
___intlo_sp                             stack        000000
___lwdiv                                text29       003010
___lwdiv@counter                        cstackCOMRAM 00000D
___lwdiv@dividend                       cstackCOMRAM 000007
___lwdiv@divisor                        cstackCOMRAM 000009
___lwdiv@quotient                       cstackCOMRAM 00000B
___param_bank                           (abs)        000000
___rparam_used                          (abs)        000001
___sp                                   stack        000000
___wmul                                 text28       003814
___wmul@multiplicand                    cstackCOMRAM 000003
___wmul@multiplier                      cstackCOMRAM 000001
___wmul@product                         cstackCOMRAM 000005
___xxtofl                               text67       00201E
___xxtofl@arg                           cstackCOMRAM 00000B
___xxtofl@exp                           cstackCOMRAM 00000A
___xxtofl@sign                          cstackCOMRAM 000009
___xxtofl@val                           cstackCOMRAM 000001
__accesstop                             (abs)        000060
__activetblptr                          (abs)        000002
__end_of_I2C_Ack                        text18       003934
__end_of_I2C_Init                       text61       0038B6
__end_of_I2C_Nack                       text17       003920
__end_of_I2C_Read                       text15       0035C2
__end_of_I2C_Ready                      text16       003946
__end_of_I2C_Repeated_Start             text13       0037BE
__end_of_I2C_Start                      text12       003790
__end_of_I2C_Stop                       text11       00390C
__end_of_I2C_Write                      text14       00385C
__end_of_LCD_Char                       text65       0032EE
__end_of_LCD_Clear                      text54       003976
__end_of_LCD_Command                    text64       00329E
__end_of_LCD_Custom_Char                text63       0033CA
__end_of_LCD_String                     text53       0031A2
__end_of_LCD_String_xy                  text52       0034D0
__end_of_RTC_Read_Calendar              text10       0031FC
__end_of_RTC_Read_Clock                 text8        003338
__end_of_RTC_obtener_fecha              text9        003668
__end_of_RTC_obtener_hora               text7        002AE0
__end_of_USART_Init                     text66       002D04
__end_of_USART_SendString               text19       003734
__end_of_USART_TxChar                   text20       0038E2
__end_of___aodiv                        text51       00235A
__end_of___aomod                        text50       002644
__end_of___fladd                        text70       000D8E
__end_of___fldiv                        text69       001552
__end_of___flmul                        text23       0011B8
__end_of___fltol                        text68       00274A
__end_of___lwdiv                        text29       003084
__end_of___wmul                         text28       00383A
__end_of___xxtofl                       text67       0021D2
__end_of__initialization                cinit        003006
__end_of_abs                            text49       003490
__end_of_adc_config                     text27       003450
__end_of_adc_init10Bits                 text26       003956
__end_of_adc_read10Bits                 text25       0037EA
__end_of_dtoa                           text43       001B4E
__end_of_encender_leds                  text55       002E18
__end_of_fputc                          text47       002BAA
__end_of_fputs                          text46       00340E
__end_of_imprimir                       text33       002930
__end_of_inicializar_lcd                text59       0036D2
__end_of_iniciar_emoticones             text62       002E9A
__end_of_iniciar_pic                    text57       00389C
__end_of_init_leds                      text56       00396E
__end_of_init_ports                     text32       003964
__end_of_init_rtc                       text60       00397C
__end_of_isalpha                        text41       003588
__end_of_islower                        text39       0035FA
__end_of_isupper                        text40       003632
__end_of_main                           text0        00350E
__end_of_mostrar_emoticon               text21       0038F8
__end_of_mostrar_estadistica            text3        002846
__end_of_obtener_distancia              text31       003382
__end_of_obtener_tiempo_fecha           text4        003814
__end_of_pad                            text44       002C70
__end_of_pines_ConfigurarHora           text58       00387E
__end_of_principal                      text1        002A14
__end_of_putch                          text48       00397E
__end_of_sensor_distancia               text30       002D96
__end_of_sensor_luz                     text24       002F1A
__end_of_sensor_temperatura             text22       002F96
__end_of_sprintf                        text34       00324E
__end_of_stoa                           text42       0024E0
__end_of_strcat                         text5        003762
__end_of_strcpy                         text6        00354C
__end_of_strlen                         text45       00369E
__end_of_toupper                        text38       003144
__end_of_validar                        text2        00201E
__end_of_vfpfcnvrt                      text36       001864
__end_of_vfprintf                       text35       0030E6
__end_of_xtoa                           text37       001E2E
__initialization                        cinit        002F96
__mediumconst                           mediumconst  000000
__pbssBANK0                             bssBANK0     0000F7
__pbssBANK1                             bssBANK1     0001C8
__pbssBANK2                             bssBANK2     00025C
__pbssBANK3                             bssBANK3     000300
__pcinit                                cinit        002F96
__pcstackBANK0                          cstackBANK0  000060
__pcstackBANK1                          cstackBANK1  000100
__pcstackBANK2                          cstackBANK2  000200
__pcstackCOMRAM                         cstackCOMRAM 000001
__pdataBANK1                            dataBANK1    0001E6
__pdataBANK2                            dataBANK2    0002B4
__pidataBANK1                           idataBANK1   0038B6
__pidataBANK2                           idataBANK2   0036D2
__psmallconst                           smallconst   000800
__ptext0                                text0        0034D0
__ptext1                                text1        002930
__ptext10                               text10       0031A2
__ptext11                               text11       0038F8
__ptext12                               text12       003762
__ptext13                               text13       003790
__ptext14                               text14       00383A
__ptext15                               text15       003588
__ptext16                               text16       003934
__ptext17                               text17       00390C
__ptext18                               text18       003920
__ptext19                               text19       003704
__ptext2                                text2        001E2E
__ptext20                               text20       0038CC
__ptext21                               text21       0038E2
__ptext22                               text22       002F1A
__ptext23                               text23       000D8E
__ptext24                               text24       002E9A
__ptext25                               text25       0037BE
__ptext26                               text26       003946
__ptext27                               text27       00340E
__ptext28                               text28       003814
__ptext29                               text29       003010
__ptext3                                text3        00274A
__ptext30                               text30       002D04
__ptext31                               text31       003338
__ptext32                               text32       003956
__ptext33                               text33       002846
__ptext34                               text34       0031FC
__ptext35                               text35       003084
__ptext36                               text36       001552
__ptext37                               text37       001B4E
__ptext38                               text38       0030E6
__ptext39                               text39       0035C2
__ptext4                                text4        0037EA
__ptext40                               text40       0035FA
__ptext41                               text41       00354C
__ptext42                               text42       00235A
__ptext43                               text43       001864
__ptext44                               text44       002BAA
__ptext45                               text45       003668
__ptext46                               text46       0033CA
__ptext47                               text47       002AE0
__ptext48                               text48       00397C
__ptext49                               text49       003450
__ptext5                                text5        003734
__ptext50                               text50       0024E0
__ptext51                               text51       0021D2
__ptext52                               text52       003490
__ptext53                               text53       003144
__ptext54                               text54       00396E
__ptext55                               text55       002D96
__ptext56                               text56       003964
__ptext57                               text57       00387E
__ptext58                               text58       00385C
__ptext59                               text59       00369E
__ptext6                                text6        00350E
__ptext60                               text60       003976
__ptext61                               text61       00389C
__ptext62                               text62       002E18
__ptext63                               text63       003382
__ptext64                               text64       00324E
__ptext65                               text65       00329E
__ptext66                               text66       002C70
__ptext67                               text67       00201E
__ptext68                               text68       002644
__ptext69                               text69       0011B8
__ptext7                                text7        002A14
__ptext70                               text70       0008CE
__ptext8                                text8        0032EE
__ptext9                                text9        003632
__ramtop                                ramtop       000800
__size_of_I2C_Ack                       (abs)        000000
__size_of_I2C_Init                      (abs)        000000
__size_of_I2C_Nack                      (abs)        000000
__size_of_I2C_Read                      (abs)        000000
__size_of_I2C_Ready                     (abs)        000000
__size_of_I2C_Repeated_Start            (abs)        000000
__size_of_I2C_Start                     (abs)        000000
__size_of_I2C_Stop                      (abs)        000000
__size_of_I2C_Write                     (abs)        000000
__size_of_LCD_Char                      (abs)        000000
__size_of_LCD_Clear                     (abs)        000000
__size_of_LCD_Command                   (abs)        000000
__size_of_LCD_Custom_Char               (abs)        000000
__size_of_LCD_String                    (abs)        000000
__size_of_LCD_String_xy                 (abs)        000000
__size_of_RTC_Read_Calendar             (abs)        000000
__size_of_RTC_Read_Clock                (abs)        000000
__size_of_RTC_obtener_fecha             (abs)        000000
__size_of_RTC_obtener_hora              (abs)        000000
__size_of_USART_Init                    (abs)        000000
__size_of_USART_SendString              (abs)        000000
__size_of_USART_TxChar                  (abs)        000000
__size_of___aodiv                       (abs)        000000
__size_of___aomod                       (abs)        000000
__size_of___fladd                       (abs)        000000
__size_of___fldiv                       (abs)        000000
__size_of___flmul                       (abs)        000000
__size_of___fltol                       (abs)        000000
__size_of___lwdiv                       (abs)        000000
__size_of___wmul                        (abs)        000000
__size_of___xxtofl                      (abs)        000000
__size_of_abs                           (abs)        000000
__size_of_adc_config                    (abs)        000000
__size_of_adc_init10Bits                (abs)        000000
__size_of_adc_read10Bits                (abs)        000000
__size_of_dtoa                          (abs)        000000
__size_of_encender_leds                 (abs)        000000
__size_of_fputc                         (abs)        000000
__size_of_fputs                         (abs)        000000
__size_of_imprimir                      (abs)        000000
__size_of_inicializar_lcd               (abs)        000000
__size_of_iniciar_emoticones            (abs)        000000
__size_of_iniciar_pic                   (abs)        000000
__size_of_init_leds                     (abs)        000000
__size_of_init_ports                    (abs)        000000
__size_of_init_rtc                      (abs)        000000
__size_of_isalpha                       (abs)        000000
__size_of_islower                       (abs)        000000
__size_of_isupper                       (abs)        000000
__size_of_main                          (abs)        000000
__size_of_mostrar_emoticon              (abs)        000000
__size_of_mostrar_estadistica           (abs)        000000
__size_of_obtener_distancia             (abs)        000000
__size_of_obtener_tiempo_fecha          (abs)        000000
__size_of_pad                           (abs)        000000
__size_of_pines_ConfigurarHora          (abs)        000000
__size_of_principal                     (abs)        000000
__size_of_putch                         (abs)        000000
__size_of_sensor_distancia              (abs)        000000
__size_of_sensor_luz                    (abs)        000000
__size_of_sensor_temperatura            (abs)        000000
__size_of_sprintf                       (abs)        000000
__size_of_stoa                          (abs)        000000
__size_of_strcat                        (abs)        000000
__size_of_strcpy                        (abs)        000000
__size_of_strlen                        (abs)        000000
__size_of_toupper                       (abs)        000000
__size_of_validar                       (abs)        000000
__size_of_vfpfcnvrt                     (abs)        000000
__size_of_vfprintf                      (abs)        000000
__size_of_xtoa                          (abs)        000000
__smallconst                            smallconst   000800
_abs                                    text49       003450
_adc_config                             text27       00340E
_adc_init10Bits                         text26       003946
_adc_read10Bits                         text25       0037BE
_date                                   bssBANK3     0003B4
_day                                    bssBANK0     0000FB
_dbuf                                   bssBANK2     000294
_dist_ant                               bssBANK2     000290
_dtoa                                   text43       001864
_dtoa$1853                              cstackCOMRAM 00002E
_encender_leds                          text55       002D96
_estado                                 bssBANK2     00028C
_flags                                  bssBANK0     0000F7
_fputc                                  text47       002AE0
_fputs                                  text46       0033CA
_hour                                   bssBANK0     0000F9
_hours                                  bssBANK0     0000FF
_i                                      bssBANK1     0001E4
_imprimir                               text33       002846
_inicializar_lcd                        text59       00369E
_iniciar_emoticones                     text62       002E18
_iniciar_pic                            text57       00387E
_init_leds                              text56       003964
_init_ports                             text32       003956
_init_rtc                               text60       003976
_isalpha                                text41       00354C
_islower                                text39       0035C2
_isupper                                text40       0035FA
_lum_ant                                bssBANK2     00028E
_main                                   text0        0034D0
_min                                    bssBANK1     0001D6
_minutes                                bssBANK0     0000FE
_month                                  bssBANK0     0000FC
_mostrar_emoticon                       text21       0038E2
_mostrar_estadistica                    text3        00274A
_mostrar_estadistica$2238               cstackBANK0  0000E5
_nout                                   bssBANK1     0001C8
_obtener_distancia                      text31       003338
_obtener_tiempo_fecha                   text4        0037EA
_pad                                    text44       002BAA
_pines_ConfigurarHora                   text58       00385C
_prec                                   bssBANK1     0001CC
_principal                              text1        002930
_putch                                  text48       00397C
_sec                                    bssBANK1     0001D8
_seconds                                bssBANK1     0001E5
_sensor_distancia                       text30       002D04
_sensor_luz                             text24       002E9A
_sensor_temperatura                     text22       002F1A
_sprintf                                text34       0031FC
_stoa                                   text42       00235A
_strcat                                 text5        003734
_strcpy                                 text6        00350E
_strlen                                 text45       003668
_temp_ant                               bssBANK2     000292
_time                                   bssBANK3     000378
_toupper                                text38       0030E6
_toupper$1979                           cstackCOMRAM 00000D
_val_distancia                          bssBANK1     0001E2
_val_intensidad                         bssBANK1     0001DC
_val_luminosidad                        bssBANK1     0001DA
_val_temp                               bssBANK1     0001E0
_validar                                text2        001E2E
_value_adc                              bssBANK1     0001DE
_var                                    bssBANK3     000300
_vfpfcnvrt                              text36       001552
_vfprintf                               text35       003084
_width                                  bssBANK1     0001CA
_xtoa                                   text37       001B4E
_xtoa$1875                              cstackCOMRAM 00002F
_xtoa$1876                              cstackCOMRAM 000031
_year                                   bssBANK0     0000FD
abs@a                                   cstackCOMRAM 000013
adc_config@canal                        cstackCOMRAM 000001
adc_init10Bits@canal                    cstackCOMRAM 000003
adc_read10Bits@value_adc                cstackCOMRAM 000005
dtoa@d                                  cstackCOMRAM 00001E
dtoa@fp                                 cstackCOMRAM 00001C
dtoa@i                                  cstackCOMRAM 00003E
dtoa@n                                  cstackCOMRAM 000036
dtoa@p                                  cstackCOMRAM 000030
dtoa@s                                  cstackCOMRAM 000034
dtoa@w                                  cstackCOMRAM 000032
encender_leds@valor                     cstackBANK0  0000ED
end_of_initialization                   cinit        003006
fputc@c                                 cstackCOMRAM 000001
fputc@fp                                cstackCOMRAM 000003
fputs@c                                 cstackCOMRAM 00000E
fputs@fp                                cstackCOMRAM 00000C
fputs@i                                 cstackCOMRAM 00000F
fputs@s                                 cstackCOMRAM 00000A
imprimir@aux_dist                       cstackBANK0  000082
imprimir@aux_luz                        cstackBANK0  0000A2
imprimir@aux_temp                       cstackBANK0  000092
imprimir@dist                           cstackBANK0  00007A
imprimir@luz                            cstackBANK0  00007E
imprimir@temp                           cstackBANK0  00007C
iniciar_emoticones@F3813                dataBANK2    0002CC
iniciar_emoticones@F3815                dataBANK2    0002C4
iniciar_emoticones@F3817                dataBANK2    0002BC
iniciar_emoticones@F3819                dataBANK2    0002B4
iniciar_emoticones@distancia            cstackCOMRAM 00000F
iniciar_emoticones@luz                  cstackCOMRAM 000017
iniciar_emoticones@temperatura          cstackCOMRAM 000007
iniciar_emoticones@todo_bien            cstackCOMRAM 00001F
intlevel0                               text         000000
intlevel1                               text         000000
intlevel2                               text         000000
intlevel3                               text         000000
isa$std                                 (abs)        000001
isa$xinst                               (abs)        000000
isalpha@c                               cstackCOMRAM 000001
islower@c                               cstackCOMRAM 000001
isupper@c                               cstackCOMRAM 000001
mostrar_emoticon@i                      cstackCOMRAM 000003
mostrar_estadistica@mensaje_usart       cstackBANK0  000081
mostrar_estadistica@mensaje_usart_838   cstackBANK1  000100
mostrar_estadistica@mensaje_usart_840   cstackBANK1  000164
mostrar_estadistica@sensor              cstackBANK0  00007D
mostrar_estadistica@valor_usart         cstackBANK0  00007F
obtener_distancia@cm                    cstackCOMRAM 000003
pad@buf                                 cstackCOMRAM 000013
pad@fp                                  cstackCOMRAM 000011
pad@i                                   cstackCOMRAM 000018
pad@p                                   cstackCOMRAM 000015
pad@w                                   cstackCOMRAM 00001A
principal@s_dist                        cstackBANK0  0000F1
principal@s_luz                         cstackBANK0  0000F5
principal@s_temp                        cstackBANK0  0000F3
sprintf@ap                              cstackBANK0  000072
sprintf@f                               cstackBANK0  000074
sprintf@fmt                             cstackBANK0  00006A
sprintf@s                               cstackBANK0  000068
stackhi                                 (abs)        0007FF
stacklo                                 (abs)        0003F0
start                                   init         000000
start_initialization                    cinit        002F96
stoa@F1141                              dataBANK1    0001E6
stoa@cp                                 cstackCOMRAM 00001A
stoa@fp                                 cstackCOMRAM 00000A
stoa@i                                  cstackCOMRAM 000016
stoa@l                                  cstackCOMRAM 00001E
stoa@nuls                               cstackCOMRAM 00000F
stoa@p                                  cstackCOMRAM 00001C
stoa@s                                  cstackCOMRAM 00000C
stoa@w                                  cstackCOMRAM 000018
strcat@dest                             cstackCOMRAM 00000D
strcat@src                              cstackCOMRAM 00000F
strcpy@d                                cstackCOMRAM 00000B
strcpy@dest                             cstackCOMRAM 000005
strcpy@s                                cstackCOMRAM 000009
strcpy@src                              cstackCOMRAM 000007
strlen@a                                cstackCOMRAM 000003
strlen@s                                cstackCOMRAM 000001
toupper@c                               cstackCOMRAM 000007
validar@contador                        cstackBANK2  00025A
validar@distancia                       cstackBANK0  0000E9
validar@luz                             cstackBANK0  0000EB
validar@temp                            cstackBANK0  0000E7
validar@valor_usart                     cstackBANK2  000200
validar@valor_usart_829                 cstackBANK2  00021E
validar@valor_usart_831                 cstackBANK2  00023C
vfpfcnvrt@ap                            cstackCOMRAM 000047
vfpfcnvrt@c                             cstackCOMRAM 00005F
vfpfcnvrt@cp                            cstackCOMRAM 00005D
vfpfcnvrt@fmt                           cstackCOMRAM 000045
vfpfcnvrt@fp                            cstackCOMRAM 000043
vfpfcnvrt@ll                            cstackCOMRAM 00004D
vfpfcnvrt@llu                           cstackCOMRAM 000055
vfprintf@ap                             cstackBANK0  000064
vfprintf@cfmt                           cstackBANK0  000066
vfprintf@fmt                            cstackBANK0  000062
vfprintf@fp                             cstackBANK0  000060
xtoa@c                                  cstackCOMRAM 000041
xtoa@d                                  cstackCOMRAM 00001E
xtoa@fp                                 cstackCOMRAM 00001C
xtoa@i                                  cstackCOMRAM 00003F
xtoa@n                                  cstackCOMRAM 000037
xtoa@p                                  cstackCOMRAM 000033
xtoa@w                                  cstackCOMRAM 000035
xtoa@x                                  cstackCOMRAM 000026


MODULE INFORMATION

Module		Function		Class		Link	Load	Size
D:\mplab\pic\sources\c99\common\doprnt.c
		_vfpfcnvrt     		CODE           	1552	0000	786
		_pad           		CODE           	2BAA	0000	198
		_dtoa          		CODE           	1864	0000	746
		_vfprintf      		CODE           	3084	0000	98
		_stoa          		CODE           	235A	0000	390
		_xtoa          		CODE           	1B4E	0000	736

D:\mplab\pic\sources\c99\common\doprnt.c estimated size: 2954

D:\mplab\pic\sources\c99\common\aomod.c
		___aomod       		CODE           	24E0	0000	356

D:\mplab\pic\sources\c99\common\aomod.c estimated size: 356

USART_Source_File.c
		_USART_TxChar  		CODE           	38CC	0000	22
		_USART_SendString		CODE           	3704	0000	48
		_USART_Init    		CODE           	2C70	0000	148

USART_Source_File.c estimated size: 218

D:\mplab\pic\sources\c99\common\Umul16.c
		___wmul        		CODE           	3814	0000	38

D:\mplab\pic\sources\c99\common\Umul16.c estimated size: 38

adc_lib.c
		_adc_read10Bits		CODE           	37BE	0000	44
		_adc_init10Bits		CODE           	3946	0000	16
		_adc_config    		CODE           	340E	0000	66

adc_lib.c estimated size: 126

D:\mplab\pic\sources\c99\common\sprcadd.c
		___fladd       		CODE           	08CE	0000	1216

D:\mplab\pic\sources\c99\common\sprcadd.c estimated size: 1216

D:\mplab\pic\sources\c99\common\putch.c
		_putch         		CODE           	397C	0000	2

D:\mplab\pic\sources\c99\common\putch.c estimated size: 2

D:\mplab\pic\sources\c99\common\nf_fputc.c
		_fputc         		CODE           	2AE0	0000	202

D:\mplab\pic\sources\c99\common\nf_fputc.c estimated size: 202

Principal.c
		_iniciar_emoticones		CODE           	2E18	0000	130
		_main          		CODE           	34D0	0000	62
		_iniciar_pic   		CODE           	387E	0000	30
		_principal     		CODE           	2930	0000	228
		_imprimir      		CODE           	2846	0000	234

Principal.c estimated size: 684

Leds.c
		_init_leds     		CODE           	3964	0000	10
		_validar       		CODE           	1E2E	0000	496
		_encender_leds 		CODE           	2D96	0000	130
		_mostrar_estadistica		CODE           	274A	0000	252

Leds.c estimated size: 888

D:\mplab\pic\sources\c99\common\abs.c
		_abs           		CODE           	3450	0000	64

D:\mplab\pic\sources\c99\common\abs.c estimated size: 64

D:\mplab\pic\sources\c99\common\aodiv.c
		___aodiv       		CODE           	21D2	0000	392

D:\mplab\pic\sources\c99\common\aodiv.c estimated size: 392

D:\mplab\pic\sources\c99\common\nf_sprintf.c
		_sprintf       		CODE           	31FC	0000	82

D:\mplab\pic\sources\c99\common\nf_sprintf.c estimated size: 82

D:\mplab\pic\sources\c99\common\islower.c
		_islower       		CODE           	35C2	0000	56

D:\mplab\pic\sources\c99\common\islower.c estimated size: 56

D:\mplab\pic\sources\c99\common\lwdiv.c
		___lwdiv       		CODE           	3010	0000	116

D:\mplab\pic\sources\c99\common\lwdiv.c estimated size: 116

shared
		__initialization		CODE           	2F96	0000	112

shared estimated size: 112

D:\mplab\pic\sources\c99\common\fltol.c
		___fltol       		CODE           	2644	0000	262

D:\mplab\pic\sources\c99\common\fltol.c estimated size: 262

D:\mplab\pic\sources\c99\common\isupper.c
		_isupper       		CODE           	35FA	0000	56

D:\mplab\pic\sources\c99\common\isupper.c estimated size: 56

D:\mplab\pic\sources\c99\common\toupper.c
		_toupper       		CODE           	30E6	0000	94

D:\mplab\pic\sources\c99\common\toupper.c estimated size: 94

D:\mplab\pic\sources\c99\common\strcat.c
		_strcat        		CODE           	3734	0000	46

D:\mplab\pic\sources\c99\common\strcat.c estimated size: 46

I2C_Source_File.c
		_I2C_Write     		CODE           	383A	0000	34
		_I2C_Stop      		CODE           	38F8	0000	20
		_I2C_Read      		CODE           	3588	0000	58
		_I2C_Ready     		CODE           	3934	0000	18
		_I2C_Init      		CODE           	389C	0000	26
		_I2C_Repeated_Start		CODE           	3790	0000	46
		_I2C_Ack       		CODE           	3920	0000	20
		_I2C_Nack      		CODE           	390C	0000	20
		_I2C_Start     		CODE           	3762	0000	46

I2C_Source_File.c estimated size: 288

D:\mplab\pic\sources\c99\common\xxtofl.c
		___xxtofl      		CODE           	201E	0000	436

D:\mplab\pic\sources\c99\common\xxtofl.c estimated size: 436

sensores.c
		_sensor_temperatura		CODE           	2F1A	0000	124
		_obtener_distancia		CODE           	3338	0000	74
		_init_ports    		CODE           	3956	0000	14
		_sensor_luz    		CODE           	2E9A	0000	128
		_sensor_distancia		CODE           	2D04	0000	146

sensores.c estimated size: 486

D:\mplab\pic\sources\c99\common\sprcmul.c
		___flmul       		CODE           	0D8E	0000	1066

D:\mplab\pic\sources\c99\common\sprcmul.c estimated size: 1066

D:\mplab\pic\sources\c99\common\nf_fputs.c
		_fputs         		CODE           	33CA	0000	68

D:\mplab\pic\sources\c99\common\nf_fputs.c estimated size: 68

D:\mplab\pic\sources\c99\common\strlen.c
		_strlen        		CODE           	3668	0000	54

D:\mplab\pic\sources\c99\common\strlen.c estimated size: 54

D:\mplab\pic\sources\c99\common\sprcdiv.c
		___fldiv       		CODE           	11B8	0000	922

D:\mplab\pic\sources\c99\common\sprcdiv.c estimated size: 922

RTC.c
		_pines_ConfigurarHora		CODE           	385C	0000	34
		_obtener_tiempo_fecha		CODE           	37EA	0000	42
		_init_rtc      		CODE           	3976	0000	6
		_RTC_obtener_hora		CODE           	2A14	0000	204
		_RTC_obtener_fecha		CODE           	3632	0000	54
		_RTC_Read_Clock		CODE           	32EE	0000	74
		_RTC_Read_Calendar		CODE           	31A2	0000	90

RTC.c estimated size: 504

D:\mplab\pic\sources\c99\common\strcpy.c
		_strcpy        		CODE           	350E	0000	62

D:\mplab\pic\sources\c99\common\strcpy.c estimated size: 62

D:\mplab\pic\sources\c99\common\isalpha.c
		_isalpha       		CODE           	354C	0000	60

D:\mplab\pic\sources\c99\common\isalpha.c estimated size: 60

LCD.c
		_LCD_String    		CODE           	3144	0000	94
		_mostrar_emoticon		CODE           	38E2	0000	22
		_LCD_Command   		CODE           	324E	0000	80
		_LCD_String_xy 		CODE           	3490	0000	64
		_LCD_Char      		CODE           	329E	0000	80
		_LCD_Clear     		CODE           	396E	0000	8
		_inicializar_lcd		CODE           	369E	0000	52
		_LCD_Custom_Char		CODE           	3382	0000	72

LCD.c estimated size: 472

